Archive member included to satisfy reference by file (symbol)

e:/program files (x86)/gnu tools arm embedded/8 2019-q3-update/bin/../lib/gcc/arm-none-eabi/8.3.1/thumb/v7-m/nofp\libgcc.a(_arm_addsubdf3.o)
                              CMakeFiles/mpu6050Test.elf.dir/Core/Src/mpu6050.c.obj (__aeabi_dsub)
e:/program files (x86)/gnu tools arm embedded/8 2019-q3-update/bin/../lib/gcc/arm-none-eabi/8.3.1/thumb/v7-m/nofp\libgcc.a(_arm_muldivdf3.o)
                              CMakeFiles/mpu6050Test.elf.dir/Core/Src/mpu6050.c.obj (__aeabi_dmul)
e:/program files (x86)/gnu tools arm embedded/8 2019-q3-update/bin/../lib/gcc/arm-none-eabi/8.3.1/thumb/v7-m/nofp\libgcc.a(_arm_cmpdf2.o)
                              CMakeFiles/mpu6050Test.elf.dir/Core/Src/mpu6050.c.obj (__aeabi_dcmpeq)
e:/program files (x86)/gnu tools arm embedded/8 2019-q3-update/bin/../lib/gcc/arm-none-eabi/8.3.1/thumb/v7-m/nofp\libgcc.a(_arm_addsubsf3.o)
                              CMakeFiles/mpu6050Test.elf.dir/Core/Src/mpu6050.c.obj (__aeabi_fadd)
e:/program files (x86)/gnu tools arm embedded/8 2019-q3-update/bin/../lib/gcc/arm-none-eabi/8.3.1/thumb/v7-m/nofp\libgcc.a(_arm_muldivsf3.o)
                              CMakeFiles/mpu6050Test.elf.dir/Core/Src/mpu6050.c.obj (__aeabi_fdiv)
e:/program files (x86)/gnu tools arm embedded/8 2019-q3-update/bin/../lib/gcc/arm-none-eabi/8.3.1/../../../../arm-none-eabi/lib/thumb/v7-m/nofp\libg.a(lib_a-errno.o)
                              CMakeFiles/mpu6050Test.elf.dir/Core/Src/syscalls.c.obj (__errno)
e:/program files (x86)/gnu tools arm embedded/8 2019-q3-update/bin/../lib/gcc/arm-none-eabi/8.3.1/../../../../arm-none-eabi/lib/thumb/v7-m/nofp\libg.a(lib_a-exit.o)
                              e:/program files (x86)/gnu tools arm embedded/8 2019-q3-update/bin/../lib/gcc/arm-none-eabi/8.3.1/../../../../arm-none-eabi/lib/thumb/v7-m/nofp/crt0.o (exit)
e:/program files (x86)/gnu tools arm embedded/8 2019-q3-update/bin/../lib/gcc/arm-none-eabi/8.3.1/../../../../arm-none-eabi/lib/thumb/v7-m/nofp\libg.a(lib_a-impure.o)
                              e:/program files (x86)/gnu tools arm embedded/8 2019-q3-update/bin/../lib/gcc/arm-none-eabi/8.3.1/../../../../arm-none-eabi/lib/thumb/v7-m/nofp\libg.a(lib_a-exit.o) (_global_impure_ptr)
e:/program files (x86)/gnu tools arm embedded/8 2019-q3-update/bin/../lib/gcc/arm-none-eabi/8.3.1/../../../../arm-none-eabi/lib/thumb/v7-m/nofp\libg.a(lib_a-init.o)
                              e:/program files (x86)/gnu tools arm embedded/8 2019-q3-update/bin/../lib/gcc/arm-none-eabi/8.3.1/../../../../arm-none-eabi/lib/thumb/v7-m/nofp/crt0.o (__libc_init_array)
e:/program files (x86)/gnu tools arm embedded/8 2019-q3-update/bin/../lib/gcc/arm-none-eabi/8.3.1/../../../../arm-none-eabi/lib/thumb/v7-m/nofp\libg.a(lib_a-memset.o)
                              e:/program files (x86)/gnu tools arm embedded/8 2019-q3-update/bin/../lib/gcc/arm-none-eabi/8.3.1/../../../../arm-none-eabi/lib/thumb/v7-m/nofp/crt0.o (memset)
e:/program files (x86)/gnu tools arm embedded/8 2019-q3-update/bin/../lib/gcc/arm-none-eabi/8.3.1/../../../../arm-none-eabi/lib/thumb/v7-m/nofp\libg.a(lib_a-printf.o)
                              CMakeFiles/mpu6050Test.elf.dir/Core/Src/main.c.obj (printf)
e:/program files (x86)/gnu tools arm embedded/8 2019-q3-update/bin/../lib/gcc/arm-none-eabi/8.3.1/../../../../arm-none-eabi/lib/thumb/v7-m/nofp\libg.a(lib_a-vfprintf.o)
                              e:/program files (x86)/gnu tools arm embedded/8 2019-q3-update/bin/../lib/gcc/arm-none-eabi/8.3.1/../../../../arm-none-eabi/lib/thumb/v7-m/nofp\libg.a(lib_a-printf.o) (_vfprintf_r)
e:/program files (x86)/gnu tools arm embedded/8 2019-q3-update/bin/../lib/gcc/arm-none-eabi/8.3.1/../../../../arm-none-eabi/lib/thumb/v7-m/nofp\libg.a(lib_a-wsetup.o)
                              e:/program files (x86)/gnu tools arm embedded/8 2019-q3-update/bin/../lib/gcc/arm-none-eabi/8.3.1/../../../../arm-none-eabi/lib/thumb/v7-m/nofp\libg.a(lib_a-vfprintf.o) (__swsetup_r)
e:/program files (x86)/gnu tools arm embedded/8 2019-q3-update/bin/../lib/gcc/arm-none-eabi/8.3.1/../../../../arm-none-eabi/lib/thumb/v7-m/nofp\libg.a(lib_a-__call_atexit.o)
                              e:/program files (x86)/gnu tools arm embedded/8 2019-q3-update/bin/../lib/gcc/arm-none-eabi/8.3.1/../../../../arm-none-eabi/lib/thumb/v7-m/nofp\libg.a(lib_a-exit.o) (__call_exitprocs)
e:/program files (x86)/gnu tools arm embedded/8 2019-q3-update/bin/../lib/gcc/arm-none-eabi/8.3.1/../../../../arm-none-eabi/lib/thumb/v7-m/nofp\libg.a(lib_a-atexit.o)
                              e:/program files (x86)/gnu tools arm embedded/8 2019-q3-update/bin/../lib/gcc/arm-none-eabi/8.3.1/../../../../arm-none-eabi/lib/thumb/v7-m/nofp\libg.a(lib_a-__call_atexit.o) (atexit)
e:/program files (x86)/gnu tools arm embedded/8 2019-q3-update/bin/../lib/gcc/arm-none-eabi/8.3.1/../../../../arm-none-eabi/lib/thumb/v7-m/nofp\libg.a(lib_a-dtoa.o)
[...]
Memory Configuration

Name             Origin             Length             Attributes
RAM              0x20000000         0x00005000         xrw
FLASH            0x08000000         0x00010000         xr
*default*        0x00000000         0xffffffff

Linker script and memory map

LOAD e:/program files (x86)/gnu tools arm embedded/8 2019-q3-update/bin/../lib/gcc/arm-none-eabi/8.3.1/thumb/v7-m/nofp/crti.o
LOAD e:/program files (x86)/gnu tools arm embedded/8 2019-q3-update/bin/../lib/gcc/arm-none-eabi/8.3.1/thumb/v7-m/nofp/crtbegin.o
LOAD e:/program files (x86)/gnu tools arm embedded/8 2019-q3-update/bin/../lib/gcc/arm-none-eabi/8.3.1/../../../../arm-none-eabi/lib/thumb/v7-m/nofp/crt0.o
LOAD CMakeFiles/mpu6050Test.elf.dir/Core/Src/gpio.c.obj
LOAD CMakeFiles/mpu6050Test.elf.dir/Core/Src/i2c.c.obj
LOAD CMakeFiles/mpu6050Test.elf.dir/Core/Src/main.c.obj
LOAD CMakeFiles/mpu6050Test.elf.dir/Core/Src/mpu6050.c.obj
LOAD CMakeFiles/mpu6050Test.elf.dir/Core/Src/stm32f1xx_hal_msp.c.obj
LOAD CMakeFiles/mpu6050Test.elf.dir/Core/Src/stm32f1xx_it.c.obj
LOAD CMakeFiles/mpu6050Test.elf.dir/Core/Src/syscalls.c.obj
LOAD CMakeFiles/mpu6050Test.elf.dir/Core/Src/sysmem.c.obj
LOAD CMakeFiles/mpu6050Test.elf.dir/Core/Src/system_stm32f1xx.c.obj
LOAD CMakeFiles/mpu6050Test.elf.dir/Core/Src/usart.c.obj
LOAD CMakeFiles/mpu6050Test.elf.dir/Core/Startup/startup_stm32f103c8tx.s.obj
LOAD CMakeFiles/mpu6050Test.elf.dir/Drivers/STM32F1xx_HAL_Driver/Src/stm32f1xx_hal.c.obj
LOAD CMakeFiles/mpu6050Test.elf.dir/Drivers/STM32F1xx_HAL_Driver/Src/stm32f1xx_hal_cortex.c.obj
LOAD CMakeFiles/mpu6050Test.elf.dir/Drivers/STM32F1xx_HAL_Driver/Src/stm32f1xx_hal_dma.c.obj
LOAD CMakeFiles/mpu6050Test.elf.dir/Drivers/STM32F1xx_HAL_Driver/Src/stm32f1xx_hal_exti.c.obj
LOAD CMakeFiles/mpu6050Test.elf.dir/Drivers/STM32F1xx_HAL_Driver/Src/stm32f1xx_hal_flash.c.obj
LOAD CMakeFiles/mpu6050Test.elf.dir/Drivers/STM32F1xx_HAL_Driver/Src/stm32f1xx_hal_flash_ex.c.obj
LOAD CMakeFiles/mpu6050Test.elf.dir/Drivers/STM32F1xx_HAL_Driver/Src/stm32f1xx_hal_gpio.c.obj
LOAD CMakeFiles/mpu6050Test.elf.dir/Drivers/STM32F1xx_HAL_Driver/Src/stm32f1xx_hal_gpio_ex.c.obj
LOAD CMakeFiles/mpu6050Test.elf.dir/Drivers/STM32F1xx_HAL_Driver/Src/stm32f1xx_hal_i2c.c.obj
LOAD CMakeFiles/mpu6050Test.elf.dir/Drivers/STM32F1xx_HAL_Driver/Src/stm32f1xx_hal_pwr.c.obj
LOAD CMakeFiles/mpu6050Test.elf.dir/Drivers/STM32F1xx_HAL_Driver/Src/stm32f1xx_hal_rcc.c.obj
LOAD CMakeFiles/mpu6050Test.elf.dir/Drivers/STM32F1xx_HAL_Driver/Src/stm32f1xx_hal_rcc_ex.c.obj
LOAD CMakeFiles/mpu6050Test.elf.dir/Drivers/STM32F1xx_HAL_Driver/Src/stm32f1xx_hal_tim.c.obj
LOAD CMakeFiles/mpu6050Test.elf.dir/Drivers/STM32F1xx_HAL_Driver/Src/stm32f1xx_hal_tim_ex.c.obj
LOAD CMakeFiles/mpu6050Test.elf.dir/Drivers/STM32F1xx_HAL_Driver/Src/stm32f1xx_hal_uart.c.obj
START GROUP
LOAD e:/program files (x86)/gnu tools arm embedded/8 2019-q3-update/bin/../lib/gcc/arm-none-eabi/8.3.1/thumb/v7-m/nofp\libgcc.a
LOAD e:/program files (x86)/gnu tools arm embedded/8 2019-q3-update/bin/../lib/gcc/arm-none-eabi/8.3.1/../../../../arm-none-eabi/lib/thumb/v7-m/nofp\libg.a
LOAD e:/program files (x86)/gnu tools arm embedded/8 2019-q3-update/bin/../lib/gcc/arm-none-eabi/8.3.1/../../../../arm-none-eabi/lib/thumb/v7-m/nofp\libc.a
END GROUP
LOAD e:/program files (x86)/gnu tools arm embedded/8 2019-q3-update/bin/../lib/gcc/arm-none-eabi/8.3.1/thumb/v7-m/nofp/crtend.o
LOAD e:/program files (x86)/gnu tools arm embedded/8 2019-q3-update/bin/../lib/gcc/arm-none-eabi/8.3.1/thumb/v7-m/nofp/crtn.o
                0x20005000                _estack = (ORIGIN (RAM) + LENGTH (RAM))
                0x00000200                _Min_Heap_Size = 0x200
                0x00000400                _Min_Stack_Size = 0x400

.isr_vector     0x08000000      0x10c
                0x08000000                . = ALIGN (0x4)
 *(.isr_vector)
 .isr_vector    0x08000000      0x10c CMakeFiles/mpu6050Test.elf.dir/Core/Startup/startup_stm32f103c8tx.s.obj
                0x08000000                g_pfnVectors
                0x0800010c                . = ALIGN (0x4)

.text           0x08000110     0x8690
                0x08000110                . = ALIGN (0x4)
 *(.text)
 .text          0x08000110       0x40 e:/program files (x86)/gnu tools arm embedded/8 2019-q3-update/bin/../lib/gcc/arm-none-eabi/8.3.1/thumb/v7-m/nofp/crtbegin.o
 .text          0x08000150      0x378 e:/program files (x86)/gnu tools arm embedded/8 2019-q3-update/bin/../lib/gcc/arm-none-eabi/8.3.1/thumb/v7-m/nofp\libgcc.a(_arm_addsubdf3.o)
                0x08000150                __aeabi_drsub
                0x08000158                __aeabi_dsub
                0x08000158                __subdf3
                0x0800015c                __aeabi_dadd
                0x0800015c                __adddf3
                0x080003d4                __floatunsidf
                0x080003d4                __aeabi_ui2d
                0x080003f4                __floatsidf
                0x080003f4                __aeabi_i2d
                0x08000418                __aeabi_f2d
                0x08000418                __extendsfdf2
                0x0800045c                __floatundidf
                0x0800045c                __aeabi_ul2d
                0x0800046c                __floatdidf
                0x0800046c                __aeabi_l2d
 .text          0x080004c8      0x424 e:/program files (x86)/gnu tools arm embedded/8 2019-q3-update/bin/../lib/gcc/arm-none-eabi/8.3.1/thumb/v7-m/nofp\libgcc.a(_arm_muldivdf3.o)
                0x080004c8                __aeabi_dmul
                0x080004c8                __muldf3
                0x0800071c                __divdf3
                0x0800071c                __aeabi_ddiv
 .text          0x080008ec      0x110 e:/program files (x86)/gnu tools arm embedded/8 2019-q3-update/bin/../lib/gcc/arm-none-eabi/8.3.1/thumb/v7-m/nofp\libgcc.a(_arm_cmpdf2.o)
                0x080008ec                __gtdf2
                0x080008ec                __gedf2
                0x080008f4                __ltdf2
                0x080008f4                __ledf2
                0x080008fc                __nedf2
                0x080008fc                __eqdf2
                0x080008fc                __cmpdf2
                0x08000978                __aeabi_cdrcmple
                0x08000988                __aeabi_cdcmpeq
                0x08000988                __aeabi_cdcmple
                0x08000998                __aeabi_dcmpeq
                0x080009ac                __aeabi_dcmplt
                0x080009c0                __aeabi_dcmple
                0x080009d4                __aeabi_dcmpge
                0x080009e8                __aeabi_dcmpgt
 .text          0x080009fc      0x21c e:/program files (x86)/gnu tools arm embedded/8 2019-q3-update/bin/../lib/gcc/arm-none-eabi/8.3.1/thumb/v7-m/nofp\libgcc.a(_arm_addsubsf3.o)
                0x080009fc                __aeabi_frsub
                0x08000a04                __subsf3
                0x08000a04                __aeabi_fsub
                0x08000a08                __aeabi_fadd
                0x08000a08                __addsf3
                0x08000b68                __aeabi_ui2f
                0x08000b68                __floatunsisf
                0x08000b70                __aeabi_i2f
                0x08000b70                __floatsisf
                0x08000b8c                __aeabi_ul2f
                0x08000b8c                __floatundisf
                0x08000b9c                __aeabi_l2f
                0x08000b9c                __floatdisf
 .text          0x08000c18      0x2a0 e:/program files (x86)/gnu tools arm embedded/8 2019-q3-update/bin/../lib/gcc/arm-none-eabi/8.3.1/thumb/v7-m/nofp\libgcc.a(_arm_muldivsf3.o)
                0x08000c18                __mulsf3
                0x08000c18                __aeabi_fmul
                0x08000d80                __aeabi_fdiv
                0x08000d80                __divsf3
 .text          0x08000eb8       0xec e:/program files (x86)/gnu tools arm embedded/8 2019-q3-update/bin/../lib/gcc/arm-none-eabi/8.3.1/../../../../arm-none-eabi/lib/thumb/v7-m/nofp\libg.a(lib_a-memcpy.o)
                0x08000eb8                memcpy
 .text          0x08000fa4       0x2c e:/program files (x86)/gnu tools arm embedded/8 2019-q3-update/bin/../lib/gcc/arm-none-eabi/8.3.1/thumb/v7-m/nofp\libgcc.a(_arm_unorddf2.o)
                0x08000fa4                __unorddf2
                0x08000fa4                __aeabi_dcmpun
 .text          0x08000fd0       0x50 e:/program files (x86)/gnu tools arm embedded/8 2019-q3-update/bin/../lib/gcc/arm-none-eabi/8.3.1/thumb/v7-m/nofp\libgcc.a(_arm_fixdfsi.o)
                0x08000fd0                __aeabi_d2iz
                0x08000fd0                __fixdfsi
 .text          0x08001020       0x30 e:/program files (x86)/gnu tools arm embedded/8 2019-q3-update/bin/../lib/gcc/arm-none-eabi/8.3.1/thumb/v7-m/nofp\libgcc.a(_aeabi_uldivmod.o)
                0x08001020                __aeabi_uldivmod
 .text          0x08001050      0x2d0 e:/program files (x86)/gnu tools arm embedded/8 2019-q3-update/bin/../lib/gcc/arm-none-eabi/8.3.1/thumb/v7-m/nofp\libgcc.a(_udivmoddi4.o)
                0x08001050                __udivmoddi4
 .text          0x08001320        0x4 e:/program files (x86)/gnu tools arm embedded/8 2019-q3-update/bin/../lib/gcc/arm-none-eabi/8.3.1/thumb/v7-m/nofp\libgcc.a(_dvmd_tls.o)
                0x08001320                __aeabi_idiv0
                0x08001320                __aeabi_ldiv0
 *(.text*)
 .text.MX_GPIO_Init
                0x08001324       0x8c CMakeFiles/mpu6050Test.elf.dir/Core/Src/gpio.c.obj
                0x08001324                MX_GPIO_Init
 .text.MX_I2C1_Init
                0x080013b0       0x3c CMakeFiles/mpu6050Test.elf.dir/Core/Src/i2c.c.obj
                0x080013b0                MX_I2C1_Init
 .text.HAL_I2C_MspInit
                0x080013ec       0x64 CMakeFiles/mpu6050Test.elf.dir/Core/Src/i2c.c.obj
                0x080013ec                HAL_I2C_MspInit
 .text.__io_putchar
                0x08001450       0x20 CMakeFiles/mpu6050Test.elf.dir/Core/Src/main.c.obj
                0x08001450                __io_putchar
 .text.SystemClock_Config
                0x08001470       0x44 CMakeFiles/mpu6050Test.elf.dir/Core/Src/main.c.obj
                0x08001470                SystemClock_Config
 .text.main     0x080014b4       0x44 CMakeFiles/mpu6050Test.elf.dir/Core/Src/main.c.obj
                0x080014b4                main
 .text.Error_Handler
                0x080014f8        0x2 CMakeFiles/mpu6050Test.elf.dir/Core/Src/main.c.obj
                0x080014f8                Error_Handler
 .text.MPU6050_Init
                0x080014fa       0xa0 CMakeFiles/mpu6050Test.elf.dir/Core/Src/mpu6050.c.obj
                0x080014fa                MPU6050_Init
 .text.Kalman_getAngle
                0x0800159a      0x1be CMakeFiles/mpu6050Test.elf.dir/Core/Src/mpu6050.c.obj
                0x0800159a                Kalman_getAngle
 .text.MPU6050_Read_All
                0x08001758      0x294 CMakeFiles/mpu6050Test.elf.dir/Core/Src/mpu6050.c.obj
                0x08001758                MPU6050_Read_All
 .text.HAL_MspInit
                0x080019ec       0x44 CMakeFiles/mpu6050Test.elf.dir/Core/Src/stm32f1xx_hal_msp.c.obj
                0x080019ec                HAL_MspInit
 .text.NMI_Handler
                0x08001a30        0x2 CMakeFiles/mpu6050Test.elf.dir/Core/Src/stm32f1xx_it.c.obj
                0x08001a30                NMI_Handler
 .text.HardFault_Handler
                0x08001a32        0x2 CMakeFiles/mpu6050Test.elf.dir/Core/Src/stm32f1xx_it.c.obj
                0x08001a32                HardFault_Handler
 .text.MemManage_Handler
                0x08001a34        0x2 CMakeFiles/mpu6050Test.elf.dir/Core/Src/stm32f1xx_it.c.obj
                0x08001a34                MemManage_Handler
 .text.BusFault_Handler
                0x08001a36        0x2 CMakeFiles/mpu6050Test.elf.dir/Core/Src/stm32f1xx_it.c.obj
                0x08001a36                BusFault_Handler
 .text.UsageFault_Handler
                0x08001a38        0x2 CMakeFiles/mpu6050Test.elf.dir/Core/Src/stm32f1xx_it.c.obj
                0x08001a38                UsageFault_Handler
 .text.SVC_Handler
                0x08001a3a        0x2 CMakeFiles/mpu6050Test.elf.dir/Core/Src/stm32f1xx_it.c.obj
                0x08001a3a                SVC_Handler
 .text.DebugMon_Handler
                0x08001a3c        0x2 CMakeFiles/mpu6050Test.elf.dir/Core/Src/stm32f1xx_it.c.obj
                0x08001a3c                DebugMon_Handler
 .text.PendSV_Handler
                0x08001a3e        0x2 CMakeFiles/mpu6050Test.elf.dir/Core/Src/stm32f1xx_it.c.obj
                0x08001a3e                PendSV_Handler
 .text.SysTick_Handler
                0x08001a40        0x8 CMakeFiles/mpu6050Test.elf.dir/Core/Src/stm32f1xx_it.c.obj
                0x08001a40                SysTick_Handler
 .text._read    0x08001a48       0x20 CMakeFiles/mpu6050Test.elf.dir/Core/Src/syscalls.c.obj
                0x08001a48                _read
 .text._write   0x08001a68       0x1c CMakeFiles/mpu6050Test.elf.dir/Core/Src/syscalls.c.obj
                0x08001a68                _write
 .text._close   0x08001a84        0x6 CMakeFiles/mpu6050Test.elf.dir/Core/Src/syscalls.c.obj
                0x08001a84                _close
 .text._fstat   0x08001a8a        0xa CMakeFiles/mpu6050Test.elf.dir/Core/Src/syscalls.c.obj
                0x08001a8a                _fstat
 .text._isatty  0x08001a94        0x4 CMakeFiles/mpu6050Test.elf.dir/Core/Src/syscalls.c.obj
                0x08001a94                _isatty
 .text._lseek   0x08001a98        0x4 CMakeFiles/mpu6050Test.elf.dir/Core/Src/syscalls.c.obj
                0x08001a98                _lseek
 .text._sbrk    0x08001a9c       0x48 CMakeFiles/mpu6050Test.elf.dir/Core/Src/sysmem.c.obj
                0x08001a9c                _sbrk
 .text.SystemInit
                0x08001ae4        0x2 CMakeFiles/mpu6050Test.elf.dir/Core/Src/system_stm32f1xx.c.obj
                0x08001ae4                SystemInit
 *fill*         0x08001ae6        0x2 
 .text.MX_USART1_UART_Init
                0x08001ae8       0x34 CMakeFiles/mpu6050Test.elf.dir/Core/Src/usart.c.obj
                0x08001ae8                MX_USART1_UART_Init
 .text.HAL_UART_MspInit
                0x08001b1c       0x78 CMakeFiles/mpu6050Test.elf.dir/Core/Src/usart.c.obj
                0x08001b1c                HAL_UART_MspInit
 .text.Reset_Handler
                0x08001b94       0x48 CMakeFiles/mpu6050Test.elf.dir/Core/Startup/startup_stm32f103c8tx.s.obj
                0x08001b94                Reset_Handler
 .text.Default_Handler
                0x08001bdc        0x2 CMakeFiles/mpu6050Test.elf.dir/Core/Startup/startup_stm32f103c8tx.s.obj
                0x08001bdc                RTC_Alarm_IRQHandler
                0x08001bdc                EXTI2_IRQHandler
                0x08001bdc                TIM1_CC_IRQHandler
                0x08001bdc                PVD_IRQHandler
                0x08001bdc                EXTI3_IRQHandler
                0x08001bdc                EXTI0_IRQHandler
                0x08001bdc                I2C2_EV_IRQHandler
                0x08001bdc                ADC1_2_IRQHandler
                0x08001bdc                SPI1_IRQHandler
                0x08001bdc                TAMPER_IRQHandler
                0x08001bdc                DMA1_Channel4_IRQHandler
                0x08001bdc                USART3_IRQHandler
                0x08001bdc                RTC_IRQHandler
                0x08001bdc                DMA1_Channel7_IRQHandler
                0x08001bdc                CAN1_RX1_IRQHandler
                0x08001bdc                TIM4_IRQHandler
                0x08001bdc                I2C1_EV_IRQHandler
                0x08001bdc                DMA1_Channel6_IRQHandler
                0x08001bdc                TIM3_IRQHandler
                0x08001bdc                RCC_IRQHandler
                0x08001bdc                TIM1_TRG_COM_IRQHandler
                0x08001bdc                DMA1_Channel1_IRQHandler
                0x08001bdc                Default_Handler
                0x08001bdc                EXTI15_10_IRQHandler
                0x08001bdc                EXTI9_5_IRQHandler
                0x08001bdc                SPI2_IRQHandler
                0x08001bdc                DMA1_Channel5_IRQHandler
                0x08001bdc                EXTI4_IRQHandler
                0x08001bdc                USB_LP_CAN1_RX0_IRQHandler
                0x08001bdc                USB_HP_CAN1_TX_IRQHandler
                0x08001bdc                DMA1_Channel3_IRQHandler
                0x08001bdc                TIM1_UP_IRQHandler
                0x08001bdc                WWDG_IRQHandler
                0x08001bdc                TIM2_IRQHandler
                0x08001bdc                TIM1_BRK_IRQHandler
                0x08001bdc                EXTI1_IRQHandler
                0x08001bdc                USART2_IRQHandler
                0x08001bdc                I2C2_ER_IRQHandler
                0x08001bdc                DMA1_Channel2_IRQHandler
                0x08001bdc                CAN1_SCE_IRQHandler
                0x08001bdc                FLASH_IRQHandler
                0x08001bdc                USART1_IRQHandler
                0x08001bdc                I2C1_ER_IRQHandler
                0x08001bdc                USBWakeUp_IRQHandler
 *fill*         0x08001bde        0x2 
 .text.HAL_InitTick
                0x08001be0       0x4c CMakeFiles/mpu6050Test.elf.dir/Drivers/STM32F1xx_HAL_Driver/Src/stm32f1xx_hal.c.obj
                0x08001be0                HAL_InitTick
 .text.HAL_Init
                0x08001c2c       0x24 CMakeFiles/mpu6050Test.elf.dir/Drivers/STM32F1xx_HAL_Driver/Src/stm32f1xx_hal.c.obj
                0x08001c2c                HAL_Init
 .text.HAL_IncTick
                0x08001c50       0x18 CMakeFiles/mpu6050Test.elf.dir/Drivers/STM32F1xx_HAL_Driver/Src/stm32f1xx_hal.c.obj
                0x08001c50                HAL_IncTick
 .text.HAL_GetTick
                0x08001c68        0xc CMakeFiles/mpu6050Test.elf.dir/Drivers/STM32F1xx_HAL_Driver/Src/stm32f1xx_hal.c.obj
                0x08001c68                HAL_GetTick
 .text.HAL_NVIC_SetPriorityGrouping
                0x08001c74       0x24 CMakeFiles/mpu6050Test.elf.dir/Drivers/STM32F1xx_HAL_Driver/Src/stm32f1xx_hal_cortex.c.obj
                0x08001c74                HAL_NVIC_SetPriorityGrouping
 .text.HAL_NVIC_SetPriority
                0x08001c98       0x68 CMakeFiles/mpu6050Test.elf.dir/Drivers/STM32F1xx_HAL_Driver/Src/stm32f1xx_hal_cortex.c.obj
                0x08001c98                HAL_NVIC_SetPriority
 .text.HAL_SYSTICK_Config
                0x08001d00       0x2c CMakeFiles/mpu6050Test.elf.dir/Drivers/STM32F1xx_HAL_Driver/Src/stm32f1xx_hal_cortex.c.obj
                0x08001d00                HAL_SYSTICK_Config
 .text.HAL_GPIO_Init
                0x08001d2c      0x1d8 CMakeFiles/mpu6050Test.elf.dir/Drivers/STM32F1xx_HAL_Driver/Src/stm32f1xx_hal_gpio.c.obj
                0x08001d2c                HAL_GPIO_Init
 .text.HAL_GPIO_WritePin
                0x08001f04        0xc CMakeFiles/mpu6050Test.elf.dir/Drivers/STM32F1xx_HAL_Driver/Src/stm32f1xx_hal_gpio.c.obj
                0x08001f04                HAL_GPIO_WritePin
 .text.I2C_IsAcknowledgeFailed
                0x08001f10       0x32 CMakeFiles/mpu6050Test.elf.dir/Drivers/STM32F1xx_HAL_Driver/Src/stm32f1xx_hal_i2c.c.obj
 .text.I2C_WaitOnFlagUntilTimeout
                0x08001f42       0x70 CMakeFiles/mpu6050Test.elf.dir/Drivers/STM32F1xx_HAL_Driver/Src/stm32f1xx_hal_i2c.c.obj
 .text.I2C_WaitOnMasterAddressFlagUntilTimeout
                0x08001fb2       0xa4 CMakeFiles/mpu6050Test.elf.dir/Drivers/STM32F1xx_HAL_Driver/Src/stm32f1xx_hal_i2c.c.obj
 .text.I2C_WaitOnTXEFlagUntilTimeout
                0x08002056       0x54 CMakeFiles/mpu6050Test.elf.dir/Drivers/STM32F1xx_HAL_Driver/Src/stm32f1xx_hal_i2c.c.obj
 *fill*         0x080020aa        0x2 
 .text.I2C_RequestMemoryWrite
                0x080020ac       0xd8 CMakeFiles/mpu6050Test.elf.dir/Drivers/STM32F1xx_HAL_Driver/Src/stm32f1xx_hal_i2c.c.obj
 .text.I2C_RequestMemoryRead
                0x08002184      0x14c CMakeFiles/mpu6050Test.elf.dir/Drivers/STM32F1xx_HAL_Driver/Src/stm32f1xx_hal_i2c.c.obj
 .text.I2C_WaitOnBTFFlagUntilTimeout
                0x080022d0       0x54 CMakeFiles/mpu6050Test.elf.dir/Drivers/STM32F1xx_HAL_Driver/Src/stm32f1xx_hal_i2c.c.obj
 .text.I2C_WaitOnRXNEFlagUntilTimeout
                0x08002324       0x6a CMakeFiles/mpu6050Test.elf.dir/Drivers/STM32F1xx_HAL_Driver/Src/stm32f1xx_hal_i2c.c.obj
 *fill*         0x0800238e        0x2 
 .text.HAL_I2C_Init
                0x08002390      0x1b8 CMakeFiles/mpu6050Test.elf.dir/Drivers/STM32F1xx_HAL_Driver/Src/stm32f1xx_hal_i2c.c.obj
                0x08002390                HAL_I2C_Init
 .text.HAL_I2C_Mem_Write
                0x08002548      0x164 CMakeFiles/mpu6050Test.elf.dir/Drivers/STM32F1xx_HAL_Driver/Src/stm32f1xx_hal_i2c.c.obj
                0x08002548                HAL_I2C_Mem_Write
 .text.HAL_I2C_Mem_Read
                0x080026ac      0x330 CMakeFiles/mpu6050Test.elf.dir/Drivers/STM32F1xx_HAL_Driver/Src/stm32f1xx_hal_i2c.c.obj
                0x080026ac                HAL_I2C_Mem_Read
 .text.RCC_Delay
                0x080029dc       0x2c CMakeFiles/mpu6050Test.elf.dir/Drivers/STM32F1xx_HAL_Driver/Src/stm32f1xx_hal_rcc.c.obj
 .text.HAL_RCC_OscConfig
                0x08002a08      0x410 CMakeFiles/mpu6050Test.elf.dir/Drivers/STM32F1xx_HAL_Driver/Src/stm32f1xx_hal_rcc.c.obj
                0x08002a08                HAL_RCC_OscConfig
 .text.HAL_RCC_GetSysClockFreq
                0x08002e18       0x70 CMakeFiles/mpu6050Test.elf.dir/Drivers/STM32F1xx_HAL_Driver/Src/stm32f1xx_hal_rcc.c.obj
                0x08002e18                HAL_RCC_GetSysClockFreq
 .text.HAL_RCC_ClockConfig
                0x08002e88      0x16c CMakeFiles/mpu6050Test.elf.dir/Drivers/STM32F1xx_HAL_Driver/Src/stm32f1xx_hal_rcc.c.obj
                0x08002e88                HAL_RCC_ClockConfig
 .text.HAL_RCC_GetHCLKFreq
                0x08002ff4        0xc CMakeFiles/mpu6050Test.elf.dir/Drivers/STM32F1xx_HAL_Driver/Src/stm32f1xx_hal_rcc.c.obj
                0x08002ff4                HAL_RCC_GetHCLKFreq
 .text.HAL_RCC_GetPCLK1Freq
                0x08003000       0x20 CMakeFiles/mpu6050Test.elf.dir/Drivers/STM32F1xx_HAL_Driver/Src/stm32f1xx_hal_rcc.c.obj
                0x08003000                HAL_RCC_GetPCLK1Freq
 .text.HAL_RCC_GetPCLK2Freq
                0x08003020       0x20 CMakeFiles/mpu6050Test.elf.dir/Drivers/STM32F1xx_HAL_Driver/Src/stm32f1xx_hal_rcc.c.obj
                0x08003020                HAL_RCC_GetPCLK2Freq
 .text.UART_SetConfig
                0x08003040       0x90 CMakeFiles/mpu6050Test.elf.dir/Drivers/STM32F1xx_HAL_Driver/Src/stm32f1xx_hal_uart.c.obj
 .text.UART_WaitOnFlagUntilTimeout
                0x080030d0       0x62 CMakeFiles/mpu6050Test.elf.dir/Drivers/STM32F1xx_HAL_Driver/Src/stm32f1xx_hal_uart.c.obj
 .text.HAL_UART_Init
                0x08003132       0x5e CMakeFiles/mpu6050Test.elf.dir/Drivers/STM32F1xx_HAL_Driver/Src/stm32f1xx_hal_uart.c.obj
                0x08003132                HAL_UART_Init
 .text.HAL_UART_Transmit
                0x08003190       0xda CMakeFiles/mpu6050Test.elf.dir/Drivers/STM32F1xx_HAL_Driver/Src/stm32f1xx_hal_uart.c.obj
                0x08003190                HAL_UART_Transmit
 *fill*         0x0800326a        0x2 
 .text.__errno  0x0800326c        0xc e:/program files (x86)/gnu tools arm embedded/8 2019-q3-update/bin/../lib/gcc/arm-none-eabi/8.3.1/../../../../arm-none-eabi/lib/thumb/v7-m/nofp\libg.a(lib_a-errno.o)
                0x0800326c                __errno
 .text.__libc_init_array
                0x08003278       0x48 e:/program files (x86)/gnu tools arm embedded/8 2019-q3-update/bin/../lib/gcc/arm-none-eabi/8.3.1/../../../../arm-none-eabi/lib/thumb/v7-m/nofp\libg.a(lib_a-init.o)
                0x08003278                __libc_init_array
 .text.memset   0x080032c0       0xa0 e:/program files (x86)/gnu tools arm embedded/8 2019-q3-update/bin/../lib/gcc/arm-none-eabi/8.3.1/../../../../arm-none-eabi/lib/thumb/v7-m/nofp\libg.a(lib_a-memset.o)
                0x080032c0                memset
 .text.printf   0x08003360       0x28 e:/program files (x86)/gnu tools arm embedded/8 2019-q3-update/bin/../lib/gcc/arm-none-eabi/8.3.1/../../../../arm-none-eabi/lib/thumb/v7-m/nofp\libg.a(lib_a-printf.o)
                0x08003360                printf
 .text._vfprintf_r
                0x08003388     0x1b04 e:/program files (x86)/gnu tools arm embedded/8 2019-q3-update/bin/../lib/gcc/arm-none-eabi/8.3.1/../../../../arm-none-eabi/lib/thumb/v7-m/nofp\libg.a(lib_a-vfprintf.o)
                0x08003388                _vfprintf_r
 .text.__sbprintf
                0x08004e8c       0x88 e:/program files (x86)/gnu tools arm embedded/8 2019-q3-update/bin/../lib/gcc/arm-none-eabi/8.3.1/../../../../arm-none-eabi/lib/thumb/v7-m/nofp\libg.a(lib_a-vfprintf.o)
 .text.__swsetup_r
                0x08004f14       0xcc e:/program files (x86)/gnu tools arm embedded/8 2019-q3-update/bin/../lib/gcc/arm-none-eabi/8.3.1/../../../../arm-none-eabi/lib/thumb/v7-m/nofp\libg.a(lib_a-wsetup.o)
                0x08004f14                __swsetup_r
 .text.startup.register_fini
                0x08004fe0       0x14 e:/program files (x86)/gnu tools arm embedded/8 2019-q3-update/bin/../lib/gcc/arm-none-eabi/8.3.1/../../../../arm-none-eabi/lib/thumb/v7-m/nofp\libg.a(lib_a-__call_atexit.o)
 .text.atexit   0x08004ff4        0xc e:/program files (x86)/gnu tools arm embedded/8 2019-q3-update/bin/../lib/gcc/arm-none-eabi/8.3.1/../../../../arm-none-eabi/lib/thumb/v7-m/nofp\libg.a(lib_a-atexit.o)
                0x08004ff4                atexit
 .text.quorem   0x08005000      0x12c e:/program files (x86)/gnu tools arm embedded/8 2019-q3-update/bin/../lib/gcc/arm-none-eabi/8.3.1/../../../../arm-none-eabi/lib/thumb/v7-m/nofp\libg.a(lib_a-dtoa.o)
 *fill*         0x0800512c        0x4 
 .text._dtoa_r  0x08005130      0xe6c e:/program files (x86)/gnu tools arm embedded/8 2019-q3-update/bin/../lib/gcc/arm-none-eabi/8.3.1/../../../../arm-none-eabi/lib/thumb/v7-m/nofp\libg.a(lib_a-dtoa.o)
                0x08005130                _dtoa_r
 .text.__sflush_r
                0x08005f9c      0x144 e:/program files (x86)/gnu tools arm embedded/8 2019-q3-update/bin/../lib/gcc/arm-none-eabi/8.3.1/../../../../arm-none-eabi/lib/thumb/v7-m/nofp\libg.a(lib_a-fflush.o)
                0x08005f9c                __sflush_r
 .text._fflush_r
                0x080060e0       0x5c e:/program files (x86)/gnu tools arm embedded/8 2019-q3-update/bin/../lib/gcc/arm-none-eabi/8.3.1/../../../../arm-none-eabi/lib/thumb/v7-m/nofp\libg.a(lib_a-fflush.o)
                0x080060e0                _fflush_r
 .text.std      0x0800613c       0x50 e:/program files (x86)/gnu tools arm embedded/8 2019-q3-update/bin/../lib/gcc/arm-none-eabi/8.3.1/../../../../arm-none-eabi/lib/thumb/v7-m/nofp\libg.a(lib_a-findfp.o)
 .text._cleanup_r
                0x0800618c        0xc e:/program files (x86)/gnu tools arm embedded/8 2019-q3-update/bin/../lib/gcc/arm-none-eabi/8.3.1/../../../../arm-none-eabi/lib/thumb/v7-m/nofp\libg.a(lib_a-findfp.o)
                0x0800618c                _cleanup_r
 .text.__sinit  0x08006198       0x5c e:/program files (x86)/gnu tools arm embedded/8 2019-q3-update/bin/../lib/gcc/arm-none-eabi/8.3.1/../../../../arm-none-eabi/lib/thumb/v7-m/nofp\libg.a(lib_a-findfp.o)
                0x08006198                __sinit
 .text.__sfp_lock_acquire
                0x080061f4        0xc e:/program files (x86)/gnu tools arm embedded/8 2019-q3-update/bin/../lib/gcc/arm-none-eabi/8.3.1/../../../../arm-none-eabi/lib/thumb/v7-m/nofp\libg.a(lib_a-findfp.o)
                0x080061f4                __sfp_lock_acquire
 .text.__sfp_lock_release
                0x08006200        0xc e:/program files (x86)/gnu tools arm embedded/8 2019-q3-update/bin/../lib/gcc/arm-none-eabi/8.3.1/../../../../arm-none-eabi/lib/thumb/v7-m/nofp\libg.a(lib_a-findfp.o)
                0x08006200                __sfp_lock_release
 .text.__libc_fini_array
                0x0800620c       0x34 e:/program files (x86)/gnu tools arm embedded/8 2019-q3-update/bin/../lib/gcc/arm-none-eabi/8.3.1/../../../../arm-none-eabi/lib/thumb/v7-m/nofp\libg.a(lib_a-fini.o)
                0x0800620c                __libc_fini_array
 .text._malloc_trim_r
                0x08006240       0xa0 e:/program files (x86)/gnu tools arm embedded/8 2019-q3-update/bin/../lib/gcc/arm-none-eabi/8.3.1/../../../../arm-none-eabi/lib/thumb/v7-m/nofp\libg.a(lib_a-freer.o)
                0x08006240                _malloc_trim_r
 .text._free_r  0x080062e0      0x1f4 e:/program files (x86)/gnu tools arm embedded/8 2019-q3-update/bin/../lib/gcc/arm-none-eabi/8.3.1/../../../../arm-none-eabi/lib/thumb/v7-m/nofp\libg.a(lib_a-freer.o)
                0x080062e0                _free_r
 .text._fwalk_reent
                0x080064d4       0x50 e:/program files (x86)/gnu tools arm embedded/8 2019-q3-update/bin/../lib/gcc/arm-none-eabi/8.3.1/../../../../arm-none-eabi/lib/thumb/v7-m/nofp\libg.a(lib_a-fwalk.o)
                0x080064d4                _fwalk_reent
 .text._localeconv_r
                0x08006524        0x8 e:/program files (x86)/gnu tools arm embedded/8 2019-q3-update/bin/../lib/gcc/arm-none-eabi/8.3.1/../../../../arm-none-eabi/lib/thumb/v7-m/nofp\libg.a(lib_a-localeconv.o)
                0x08006524                _localeconv_r
 .text.__retarget_lock_init_recursive
                0x0800652c        0x4 e:/program files (x86)/gnu tools arm embedded/8 2019-q3-update/bin/../lib/gcc/arm-none-eabi/8.3.1/../../../../arm-none-eabi/lib/thumb/v7-m/nofp\libg.a(lib_a-lock.o)
                0x0800652c                __retarget_lock_init_recursive
 .text.__retarget_lock_close_recursive
                0x08006530        0x4 e:/program files (x86)/gnu tools arm embedded/8 2019-q3-update/bin/../lib/gcc/arm-none-eabi/8.3.1/../../../../arm-none-eabi/lib/thumb/v7-m/nofp\libg.a(lib_a-lock.o)
                0x08006530                __retarget_lock_close_recursive
 .text.__retarget_lock_acquire_recursive
                0x08006534        0x4 e:/program files (x86)/gnu tools arm embedded/8 2019-q3-update/bin/../lib/gcc/arm-none-eabi/8.3.1/../../../../arm-none-eabi/lib/thumb/v7-m/nofp\libg.a(lib_a-lock.o)
                0x08006534                __retarget_lock_acquire_recursive
 .text.__retarget_lock_release_recursive
                0x08006538        0x4 e:/program files (x86)/gnu tools arm embedded/8 2019-q3-update/bin/../lib/gcc/arm-none-eabi/8.3.1/../../../../arm-none-eabi/lib/thumb/v7-m/nofp\libg.a(lib_a-lock.o)
                0x08006538                __retarget_lock_release_recursive
 .text.__swhatbuf_r
                0x0800653c       0x5c e:/program files (x86)/gnu tools arm embedded/8 2019-q3-update/bin/../lib/gcc/arm-none-eabi/8.3.1/../../../../arm-none-eabi/lib/thumb/v7-m/nofp\libg.a(lib_a-makebuf.o)
                0x0800653c                __swhatbuf_r
 .text.__smakebuf_r
                0x08006598       0x94 e:/program files (x86)/gnu tools arm embedded/8 2019-q3-update/bin/../lib/gcc/arm-none-eabi/8.3.1/../../../../arm-none-eabi/lib/thumb/v7-m/nofp\libg.a(lib_a-makebuf.o)
                0x08006598                __smakebuf_r
 .text._malloc_r
                0x0800662c      0x558 e:/program files (x86)/gnu tools arm embedded/8 2019-q3-update/bin/../lib/gcc/arm-none-eabi/8.3.1/../../../../arm-none-eabi/lib/thumb/v7-m/nofp\libg.a(lib_a-mallocr.o)
                0x0800662c                _malloc_r
 .text.memchr   0x08006b84       0x8c e:/program files (x86)/gnu tools arm embedded/8 2019-q3-update/bin/../lib/gcc/arm-none-eabi/8.3.1/../../../../arm-none-eabi/lib/thumb/v7-m/nofp\libg.a(lib_a-memchr-stub.o)
                0x08006b84                memchr
 .text.__malloc_lock
                0x08006c10        0xc e:/program files (x86)/gnu tools arm embedded/8 2019-q3-update/bin/../lib/gcc/arm-none-eabi/8.3.1/../../../../arm-none-eabi/lib/thumb/v7-m/nofp\libg.a(lib_a-mlock.o)
                0x08006c10                __malloc_lock
 .text.__malloc_unlock
                0x08006c1c        0xc e:/program files (x86)/gnu tools arm embedded/8 2019-q3-update/bin/../lib/gcc/arm-none-eabi/8.3.1/../../../../arm-none-eabi/lib/thumb/v7-m/nofp\libg.a(lib_a-mlock.o)
                0x08006c1c                __malloc_unlock
 .text._Balloc  0x08006c28       0x4c e:/program files (x86)/gnu tools arm embedded/8 2019-q3-update/bin/../lib/gcc/arm-none-eabi/8.3.1/../../../../arm-none-eabi/lib/thumb/v7-m/nofp\libg.a(lib_a-mprec.o)
                0x08006c28                _Balloc
 .text._Bfree   0x08006c74       0x14 e:/program files (x86)/gnu tools arm embedded/8 2019-q3-update/bin/../lib/gcc/arm-none-eabi/8.3.1/../../../../arm-none-eabi/lib/thumb/v7-m/nofp\libg.a(lib_a-mprec.o)
                0x08006c74                _Bfree
 .text.__multadd
                0x08006c88       0x8c e:/program files (x86)/gnu tools arm embedded/8 2019-q3-update/bin/../lib/gcc/arm-none-eabi/8.3.1/../../../../arm-none-eabi/lib/thumb/v7-m/nofp\libg.a(lib_a-mprec.o)
                0x08006c88                __multadd
 .text.__hi0bits
                0x08006d14       0x40 e:/program files (x86)/gnu tools arm embedded/8 2019-q3-update/bin/../lib/gcc/arm-none-eabi/8.3.1/../../../../arm-none-eabi/lib/thumb/v7-m/nofp\libg.a(lib_a-mprec.o)
                0x08006d14                __hi0bits
 .text.__lo0bits
                0x08006d54       0x60 e:/program files (x86)/gnu tools arm embedded/8 2019-q3-update/bin/../lib/gcc/arm-none-eabi/8.3.1/../../../../arm-none-eabi/lib/thumb/v7-m/nofp\libg.a(lib_a-mprec.o)
                0x08006d54                __lo0bits
 .text.__i2b    0x08006db4       0x14 e:/program files (x86)/gnu tools arm embedded/8 2019-q3-update/bin/../lib/gcc/arm-none-eabi/8.3.1/../../../../arm-none-eabi/lib/thumb/v7-m/nofp\libg.a(lib_a-mprec.o)
                0x08006db4                __i2b
 .text.__multiply
                0x08006dc8      0x130 e:/program files (x86)/gnu tools arm embedded/8 2019-q3-update/bin/../lib/gcc/arm-none-eabi/8.3.1/../../../../arm-none-eabi/lib/thumb/v7-m/nofp\libg.a(lib_a-mprec.o)
                0x08006dc8                __multiply
 .text.__pow5mult
                0x08006ef8       0xa0 e:/program files (x86)/gnu tools arm embedded/8 2019-q3-update/bin/../lib/gcc/arm-none-eabi/8.3.1/../../../../arm-none-eabi/lib/thumb/v7-m/nofp\libg.a(lib_a-mprec.o)
                0x08006ef8                __pow5mult
 .text.__lshift
                0x08006f98       0xb4 e:/program files (x86)/gnu tools arm embedded/8 2019-q3-update/bin/../lib/gcc/arm-none-eabi/8.3.1/../../../../arm-none-eabi/lib/thumb/v7-m/nofp\libg.a(lib_a-mprec.o)
                0x08006f98                __lshift
 .text.__mcmp   0x0800704c       0x38 e:/program files (x86)/gnu tools arm embedded/8 2019-q3-update/bin/../lib/gcc/arm-none-eabi/8.3.1/../../../../arm-none-eabi/lib/thumb/v7-m/nofp\libg.a(lib_a-mprec.o)
                0x0800704c                __mcmp
 .text.__mdiff  0x08007084      0x100 e:/program files (x86)/gnu tools arm embedded/8 2019-q3-update/bin/../lib/gcc/arm-none-eabi/8.3.1/../../../../arm-none-eabi/lib/thumb/v7-m/nofp\libg.a(lib_a-mprec.o)
                0x08007084                __mdiff
 .text.__d2b    0x08007184       0xac e:/program files (x86)/gnu tools arm embedded/8 2019-q3-update/bin/../lib/gcc/arm-none-eabi/8.3.1/../../../../arm-none-eabi/lib/thumb/v7-m/nofp\libg.a(lib_a-mprec.o)
                0x08007184                __d2b
 .text.frexp    0x08007230       0x70 e:/program files (x86)/gnu tools arm embedded/8 2019-q3-update/bin/../lib/gcc/arm-none-eabi/8.3.1/../../../../arm-none-eabi/lib/thumb/v7-m/nofp\libg.a(lib_a-s_frexp.o)
                0x08007230                frexp
 .text._sbrk_r  0x080072a0       0x24 e:/program files (x86)/gnu tools arm embedded/8 2019-q3-update/bin/../lib/gcc/arm-none-eabi/8.3.1/../../../../arm-none-eabi/lib/thumb/v7-m/nofp\libg.a(lib_a-sbrkr.o)
                0x080072a0                _sbrk_r
 .text.__sread  0x080072c4       0x24 e:/program files (x86)/gnu tools arm embedded/8 2019-q3-update/bin/../lib/gcc/arm-none-eabi/8.3.1/../../../../arm-none-eabi/lib/thumb/v7-m/nofp\libg.a(lib_a-stdio.o)
                0x080072c4                __sread
 .text.__swrite
                0x080072e8       0x40 e:/program files (x86)/gnu tools arm embedded/8 2019-q3-update/bin/../lib/gcc/arm-none-eabi/8.3.1/../../../../arm-none-eabi/lib/thumb/v7-m/nofp\libg.a(lib_a-stdio.o)
                0x080072e8                __swrite
 .text.__sseek  0x08007328       0x20 e:/program files (x86)/gnu tools arm embedded/8 2019-q3-update/bin/../lib/gcc/arm-none-eabi/8.3.1/../../../../arm-none-eabi/lib/thumb/v7-m/nofp\libg.a(lib_a-stdio.o)
                0x08007328                __sseek
 .text.__sclose
                0x08007348        0x8 e:/program files (x86)/gnu tools arm embedded/8 2019-q3-update/bin/../lib/gcc/arm-none-eabi/8.3.1/../../../../arm-none-eabi/lib/thumb/v7-m/nofp\libg.a(lib_a-stdio.o)
                0x08007348                __sclose
 .text.strlen   0x08007350       0x5c e:/program files (x86)/gnu tools arm embedded/8 2019-q3-update/bin/../lib/gcc/arm-none-eabi/8.3.1/../../../../arm-none-eabi/lib/thumb/v7-m/nofp\libg.a(lib_a-strlen-stub.o)
                0x08007350                strlen
 .text.strncpy  0x080073ac       0x74 e:/program files (x86)/gnu tools arm embedded/8 2019-q3-update/bin/../lib/gcc/arm-none-eabi/8.3.1/../../../../arm-none-eabi/lib/thumb/v7-m/nofp\libg.a(lib_a-strncpy.o)
                0x080073ac                strncpy
 .text.__sprint_r.part.0
                0x08007420       0x78 e:/program files (x86)/gnu tools arm embedded/8 2019-q3-update/bin/../lib/gcc/arm-none-eabi/8.3.1/../../../../arm-none-eabi/lib/thumb/v7-m/nofp\libg.a(lib_a-vfiprintf.o)
 .text.__sprint_r
                0x08007498       0x14 e:/program files (x86)/gnu tools arm embedded/8 2019-q3-update/bin/../lib/gcc/arm-none-eabi/8.3.1/../../../../arm-none-eabi/lib/thumb/v7-m/nofp\libg.a(lib_a-vfiprintf.o)
                0x08007498                __sprint_r
 .text._write_r
                0x080074ac       0x2c e:/program files (x86)/gnu tools arm embedded/8 2019-q3-update/bin/../lib/gcc/arm-none-eabi/8.3.1/../../../../arm-none-eabi/lib/thumb/v7-m/nofp\libg.a(lib_a-writer.o)
                0x080074ac                _write_r
 .text.__register_exitproc
                0x080074d8       0x84 e:/program files (x86)/gnu tools arm embedded/8 2019-q3-update/bin/../lib/gcc/arm-none-eabi/8.3.1/../../../../arm-none-eabi/lib/thumb/v7-m/nofp\libg.a(lib_a-__atexit.o)
                0x080074d8                __register_exitproc
 .text._calloc_r
                0x0800755c       0x60 e:/program files (x86)/gnu tools arm embedded/8 2019-q3-update/bin/../lib/gcc/arm-none-eabi/8.3.1/../../../../arm-none-eabi/lib/thumb/v7-m/nofp\libg.a(lib_a-callocr.o)
                0x0800755c                _calloc_r
 .text._close_r
                0x080075bc       0x24 e:/program files (x86)/gnu tools arm embedded/8 2019-q3-update/bin/../lib/gcc/arm-none-eabi/8.3.1/../../../../arm-none-eabi/lib/thumb/v7-m/nofp\libg.a(lib_a-closer.o)
                0x080075bc                _close_r
 .text._fclose_r
                0x080075e0       0xd0 e:/program files (x86)/gnu tools arm embedded/8 2019-q3-update/bin/../lib/gcc/arm-none-eabi/8.3.1/../../../../arm-none-eabi/lib/thumb/v7-m/nofp\libg.a(lib_a-fclose.o)
                0x080075e0                _fclose_r
 .text.__fputwc
                0x080076b0       0xa0 e:/program files (x86)/gnu tools arm embedded/8 2019-q3-update/bin/../lib/gcc/arm-none-eabi/8.3.1/../../../../arm-none-eabi/lib/thumb/v7-m/nofp\libg.a(lib_a-fputwc.o)
                0x080076b0                __fputwc
 .text._fputwc_r
                0x08007750       0x64 e:/program files (x86)/gnu tools arm embedded/8 2019-q3-update/bin/../lib/gcc/arm-none-eabi/8.3.1/../../../../arm-none-eabi/lib/thumb/v7-m/nofp\libg.a(lib_a-fputwc.o)
                0x08007750                _fputwc_r
 .text._fstat_r
                0x080077b4       0x28 e:/program files (x86)/gnu tools arm embedded/8 2019-q3-update/bin/../lib/gcc/arm-none-eabi/8.3.1/../../../../arm-none-eabi/lib/thumb/v7-m/nofp\libg.a(lib_a-fstatr.o)
                0x080077b4                _fstat_r
 .text.__sfvwrite_r
                0x080077dc      0x300 e:/program files (x86)/gnu tools arm embedded/8 2019-q3-update/bin/../lib/gcc/arm-none-eabi/8.3.1/../../../../arm-none-eabi/lib/thumb/v7-m/nofp\libg.a(lib_a-fvwrite.o)
                0x080077dc                __sfvwrite_r
 .text._isatty_r
                0x08007adc       0x24 e:/program files (x86)/gnu tools arm embedded/8 2019-q3-update/bin/../lib/gcc/arm-none-eabi/8.3.1/../../../../arm-none-eabi/lib/thumb/v7-m/nofp\libg.a(lib_a-isattyr.o)
                0x08007adc                _isatty_r
 .text.__locale_mb_cur_max
                0x08007b00        0xc e:/program files (x86)/gnu tools arm embedded/8 2019-q3-update/bin/../lib/gcc/arm-none-eabi/8.3.1/../../../../arm-none-eabi/lib/thumb/v7-m/nofp\libg.a(lib_a-locale.o)
                0x08007b00                __locale_mb_cur_max
 .text._lseek_r
                0x08007b0c       0x2c e:/program files (x86)/gnu tools arm embedded/8 2019-q3-update/bin/../lib/gcc/arm-none-eabi/8.3.1/../../../../arm-none-eabi/lib/thumb/v7-m/nofp\libg.a(lib_a-lseekr.o)
                0x08007b0c                _lseek_r
 .text.__ascii_mbtowc
                0x08007b38       0x2c e:/program files (x86)/gnu tools arm embedded/8 2019-q3-update/bin/../lib/gcc/arm-none-eabi/8.3.1/../../../../arm-none-eabi/lib/thumb/v7-m/nofp\libg.a(lib_a-mbtowc_r.o)
                0x08007b38                __ascii_mbtowc
 .text.memmove  0x08007b64       0xcc e:/program files (x86)/gnu tools arm embedded/8 2019-q3-update/bin/../lib/gcc/arm-none-eabi/8.3.1/../../../../arm-none-eabi/lib/thumb/v7-m/nofp\libg.a(lib_a-memmove.o)
                0x08007b64                memmove
 .text._read_r  0x08007c30       0x2c e:/program files (x86)/gnu tools arm embedded/8 2019-q3-update/bin/../lib/gcc/arm-none-eabi/8.3.1/../../../../arm-none-eabi/lib/thumb/v7-m/nofp\libg.a(lib_a-readr.o)
                0x08007c30                _read_r
 .text._realloc_r
                0x08007c5c      0x37c e:/program files (x86)/gnu tools arm embedded/8 2019-q3-update/bin/../lib/gcc/arm-none-eabi/8.3.1/../../../../arm-none-eabi/lib/thumb/v7-m/nofp\libg.a(lib_a-reallocr.o)
                0x08007c5c                _realloc_r
 .text.__swbuf_r
                0x08007fd8       0xb0 e:/program files (x86)/gnu tools arm embedded/8 2019-q3-update/bin/../lib/gcc/arm-none-eabi/8.3.1/../../../../arm-none-eabi/lib/thumb/v7-m/nofp\libg.a(lib_a-wbuf.o)
                0x08007fd8                __swbuf_r
 .text._wcrtomb_r
                0x08008088       0x34 e:/program files (x86)/gnu tools arm embedded/8 2019-q3-update/bin/../lib/gcc/arm-none-eabi/8.3.1/../../../../arm-none-eabi/lib/thumb/v7-m/nofp\libg.a(lib_a-wcrtomb.o)
                0x08008088                _wcrtomb_r
 .text.__ascii_wctomb
                0x080080bc       0x1c e:/program files (x86)/gnu tools arm embedded/8 2019-q3-update/bin/../lib/gcc/arm-none-eabi/8.3.1/../../../../arm-none-eabi/lib/thumb/v7-m/nofp\libg.a(lib_a-wctomb_r.o)
                0x080080bc                __ascii_wctomb
 .text.atan     0x080080d8      0x314 e:/program files (x86)/gnu tools arm embedded/8 2019-q3-update/bin/../lib/gcc/arm-none-eabi/8.3.1/../../../../arm-none-eabi/lib/thumb/v7-m/nofp\libm.a(lib_a-s_atan.o)
                0x080080d8                atan
 .text.fabs     0x080083ec        0x8 e:/program files (x86)/gnu tools arm embedded/8 2019-q3-update/bin/../lib/gcc/arm-none-eabi/8.3.1/../../../../arm-none-eabi/lib/thumb/v7-m/nofp\libm.a(lib_a-s_fabs.o)
                0x080083ec                fabs
 .text.atan2    0x080083f4        0x4 e:/program files (x86)/gnu tools arm embedded/8 2019-q3-update/bin/../lib/gcc/arm-none-eabi/8.3.1/../../../../arm-none-eabi/lib/thumb/v7-m/nofp\libm.a(lib_a-w_atan2.o)
                0x080083f4                atan2
 .text.sqrt     0x080083f8       0x5c e:/program files (x86)/gnu tools arm embedded/8 2019-q3-update/bin/../lib/gcc/arm-none-eabi/8.3.1/../../../../arm-none-eabi/lib/thumb/v7-m/nofp\libm.a(lib_a-w_sqrt.o)
                0x080083f8                sqrt
 *fill*         0x08008454        0x4 
 .text.__ieee754_atan2
                0x08008458      0x1b4 e:/program files (x86)/gnu tools arm embedded/8 2019-q3-update/bin/../lib/gcc/arm-none-eabi/8.3.1/../../../../arm-none-eabi/lib/thumb/v7-m/nofp\libm.a(lib_a-e_atan2.o)
                0x08008458                __ieee754_atan2
 .text.__ieee754_sqrt
                0x0800860c      0x17c e:/program files (x86)/gnu tools arm embedded/8 2019-q3-update/bin/../lib/gcc/arm-none-eabi/8.3.1/../../../../arm-none-eabi/lib/thumb/v7-m/nofp\libm.a(lib_a-e_sqrt.o)
                0x0800860c                __ieee754_sqrt
 *(.glue_7)
 .glue_7        0x08008788        0x0 linker stubs
 *(.glue_7t)
 .glue_7t       0x08008788        0x0 linker stubs
 *(.eh_frame)
 .eh_frame      0x08008788        0x0 e:/program files (x86)/gnu tools arm embedded/8 2019-q3-update/bin/../lib/gcc/arm-none-eabi/8.3.1/thumb/v7-m/nofp/crtbegin.o
 *(.init)
 .init          0x08008788        0x4 e:/program files (x86)/gnu tools arm embedded/8 2019-q3-update/bin/../lib/gcc/arm-none-eabi/8.3.1/thumb/v7-m/nofp/crti.o
                0x08008788                _init
 .init          0x0800878c        0x8 e:/program files (x86)/gnu tools arm embedded/8 2019-q3-update/bin/../lib/gcc/arm-none-eabi/8.3.1/thumb/v7-m/nofp/crtn.o
 *(.fini)
 .fini          0x08008794        0x4 e:/program files (x86)/gnu tools arm embedded/8 2019-q3-update/bin/../lib/gcc/arm-none-eabi/8.3.1/thumb/v7-m/nofp/crti.o
                0x08008794                _fini
 .fini          0x08008798        0x8 e:/program files (x86)/gnu tools arm embedded/8 2019-q3-update/bin/../lib/gcc/arm-none-eabi/8.3.1/thumb/v7-m/nofp/crtn.o
                0x080087a0                . = ALIGN (0x4)
                0x080087a0                _etext = .

.vfp11_veneer   0x080087a0        0x0
 .vfp11_veneer  0x080087a0        0x0 linker stubs

.v4_bx          0x080087a0        0x0
 .v4_bx         0x080087a0        0x0 linker stubs

.iplt           0x080087a0        0x0
 .iplt          0x080087a0        0x0 e:/program files (x86)/gnu tools arm embedded/8 2019-q3-update/bin/../lib/gcc/arm-none-eabi/8.3.1/thumb/v7-m/nofp/crtbegin.o

.rodata         0x080087a0      0x300
                0x080087a0                . = ALIGN (0x4)
 *(.rodata)
 .rodata        0x080087a0       0x12 CMakeFiles/mpu6050Test.elf.dir/Drivers/STM32F1xx_HAL_Driver/Src/stm32f1xx_hal_rcc.c.obj
 *(.rodata*)
 *fill*         0x080087b2        0x2 
 .rodata.main.str1.4
                0x080087b4        0x6 CMakeFiles/mpu6050Test.elf.dir/Core/Src/main.c.obj
 *fill*         0x080087ba        0x2 
 .rodata.AHBPrescTable
                0x080087bc       0x10 CMakeFiles/mpu6050Test.elf.dir/Core/Src/system_stm32f1xx.c.obj
                0x080087bc                AHBPrescTable
 .rodata.APBPrescTable
                0x080087cc        0x8 CMakeFiles/mpu6050Test.elf.dir/Core/Src/system_stm32f1xx.c.obj
                0x080087cc                APBPrescTable
 .rodata._global_impure_ptr
                0x080087d4        0x4 e:/program files (x86)/gnu tools arm embedded/8 2019-q3-update/bin/../lib/gcc/arm-none-eabi/8.3.1/../../../../arm-none-eabi/lib/thumb/v7-m/nofp\libg.a(lib_a-impure.o)
                0x080087d4                _global_impure_ptr
 .rodata._vfprintf_r.str1.4
                0x080087d8       0x42 e:/program files (x86)/gnu tools arm embedded/8 2019-q3-update/bin/../lib/gcc/arm-none-eabi/8.3.1/../../../../arm-none-eabi/lib/thumb/v7-m/nofp\libg.a(lib_a-vfprintf.o)
 *fill*         0x0800881a        0x2 
 .rodata.blanks.7370
                0x0800881c       0x10 e:/program files (x86)/gnu tools arm embedded/8 2019-q3-update/bin/../lib/gcc/arm-none-eabi/8.3.1/../../../../arm-none-eabi/lib/thumb/v7-m/nofp\libg.a(lib_a-vfprintf.o)
 .rodata.zeroes.7371
                0x0800882c       0x10 e:/program files (x86)/gnu tools arm embedded/8 2019-q3-update/bin/../lib/gcc/arm-none-eabi/8.3.1/../../../../arm-none-eabi/lib/thumb/v7-m/nofp\libg.a(lib_a-vfprintf.o)
 .rodata._dtoa_r.str1.4
                0x0800883c        0xd e:/program files (x86)/gnu tools arm embedded/8 2019-q3-update/bin/../lib/gcc/arm-none-eabi/8.3.1/../../../../arm-none-eabi/lib/thumb/v7-m/nofp\libg.a(lib_a-dtoa.o)
                                 0x12 (size before relaxing)
 *fill*         0x08008849        0x7 
 .rodata.__mprec_bigtens
                0x08008850       0x28 e:/program files (x86)/gnu tools arm embedded/8 2019-q3-update/bin/../lib/gcc/arm-none-eabi/8.3.1/../../../../arm-none-eabi/lib/thumb/v7-m/nofp\libg.a(lib_a-mprec.o)
                0x08008850                __mprec_bigtens
 .rodata.__mprec_tens
                0x08008878       0xc8 e:/program files (x86)/gnu tools arm embedded/8 2019-q3-update/bin/../lib/gcc/arm-none-eabi/8.3.1/../../../../arm-none-eabi/lib/thumb/v7-m/nofp\libg.a(lib_a-mprec.o)
                0x08008878                __mprec_tens
 .rodata.p05.6125
                0x08008940        0xc e:/program files (x86)/gnu tools arm embedded/8 2019-q3-update/bin/../lib/gcc/arm-none-eabi/8.3.1/../../../../arm-none-eabi/lib/thumb/v7-m/nofp\libg.a(lib_a-mprec.o)
 .rodata._setlocale_r.str1.4
                0x0800894c        0xa e:/program files (x86)/gnu tools arm embedded/8 2019-q3-update/bin/../lib/gcc/arm-none-eabi/8.3.1/../../../../arm-none-eabi/lib/thumb/v7-m/nofp\libg.a(lib_a-locale.o)
                                  0xd (size before relaxing)
 *fill*         0x08008956        0x2 
 .rodata.str1.4
                0x08008958        0x4 e:/program files (x86)/gnu tools arm embedded/8 2019-q3-update/bin/../lib/gcc/arm-none-eabi/8.3.1/../../../../arm-none-eabi/lib/thumb/v7-m/nofp\libg.a(lib_a-locale.o)
                                  0x2 (size before relaxing)
 .rodata._ctype_
                0x0800895c      0x101 e:/program files (x86)/gnu tools arm embedded/8 2019-q3-update/bin/../lib/gcc/arm-none-eabi/8.3.1/../../../../arm-none-eabi/lib/thumb/v7-m/nofp\libg.a(lib_a-ctype_.o)
                0x0800895c                _ctype_
 *fill*         0x08008a5d        0x3 
 .rodata.atanhi
                0x08008a60       0x20 e:/program files (x86)/gnu tools arm embedded/8 2019-q3-update/bin/../lib/gcc/arm-none-eabi/8.3.1/../../../../arm-none-eabi/lib/thumb/v7-m/nofp\libm.a(lib_a-s_atan.o)
 .rodata.atanlo
                0x08008a80       0x20 e:/program files (x86)/gnu tools arm embedded/8 2019-q3-update/bin/../lib/gcc/arm-none-eabi/8.3.1/../../../../arm-none-eabi/lib/thumb/v7-m/nofp\libm.a(lib_a-s_atan.o)
                0x08008aa0                . = ALIGN (0x4)

.ARM.extab      0x08008aa0        0x0
                0x08008aa0                . = ALIGN (0x4)
 *(.ARM.extab* .gnu.linkonce.armextab.*)
                0x08008aa0                . = ALIGN (0x4)

.ARM            0x08008aa0        0x8
                0x08008aa0                . = ALIGN (0x4)
                0x08008aa0                __exidx_start = .
 *(.ARM.exidx*)
 .ARM.exidx     0x08008aa0        0x8 e:/program files (x86)/gnu tools arm embedded/8 2019-q3-update/bin/../lib/gcc/arm-none-eabi/8.3.1/thumb/v7-m/nofp\libgcc.a(_udivmoddi4.o)
                0x08008aa8                __exidx_end = .
                0x08008aa8                . = ALIGN (0x4)

.rel.dyn        0x08008aa8        0x0
 .rel.iplt      0x08008aa8        0x0 e:/program files (x86)/gnu tools arm embedded/8 2019-q3-update/bin/../lib/gcc/arm-none-eabi/8.3.1/thumb/v7-m/nofp/crtbegin.o

.preinit_array  0x08008aa8        0x0
                0x08008aa8                . = ALIGN (0x4)
                0x08008aa8                PROVIDE (__preinit_array_start = .)
 *(.preinit_array*)
                0x08008aa8                PROVIDE (__preinit_array_end = .)
                0x08008aa8                . = ALIGN (0x4)

.init_array     0x08008aa8        0x8
                0x08008aa8                . = ALIGN (0x4)
                0x08008aa8                PROVIDE (__init_array_start = .)
 *(SORT_BY_NAME(.init_array.*))
 .init_array.00000
                0x08008aa8        0x4 e:/program files (x86)/gnu tools arm embedded/8 2019-q3-update/bin/../lib/gcc/arm-none-eabi/8.3.1/../../../../arm-none-eabi/lib/thumb/v7-m/nofp\libg.a(lib_a-__call_atexit.o)
 *(.init_array*)
 .init_array    0x08008aac        0x4 e:/program files (x86)/gnu tools arm embedded/8 2019-q3-update/bin/../lib/gcc/arm-none-eabi/8.3.1/thumb/v7-m/nofp/crtbegin.o
                0x08008ab0                PROVIDE (__init_array_end = .)
                0x08008ab0                . = ALIGN (0x4)

.fini_array     0x08008ab0        0x4
                0x08008ab0                . = ALIGN (0x4)
                0x08008ab0                PROVIDE (__fini_array_start = .)
 *(SORT_BY_NAME(.fini_array.*))
 *(.fini_array*)
 .fini_array    0x08008ab0        0x4 e:/program files (x86)/gnu tools arm embedded/8 2019-q3-update/bin/../lib/gcc/arm-none-eabi/8.3.1/thumb/v7-m/nofp/crtbegin.o
                0x08008ab4                PROVIDE (__fini_array_end = .)
                0x08008ab4                . = ALIGN (0x4)
                0x08008ab4                _sidata = LOADADDR (.data)

.data           0x20000000      0xa4c load address 0x08008ab4
                0x20000000                . = ALIGN (0x4)
                0x20000000                _sdata = .
 *(.data)
 *(.data*)
 .data.KalmanX  0x20000000       0x48 CMakeFiles/mpu6050Test.elf.dir/Core/Src/mpu6050.c.obj
                0x20000000                KalmanX
 .data.KalmanY  0x20000048       0x48 CMakeFiles/mpu6050Test.elf.dir/Core/Src/mpu6050.c.obj
                0x20000048                KalmanY
 .data.SystemCoreClock
                0x20000090        0x4 CMakeFiles/mpu6050Test.elf.dir/Core/Src/system_stm32f1xx.c.obj
                0x20000090                SystemCoreClock
 .data.uwTickFreq
                0x20000094        0x1 CMakeFiles/mpu6050Test.elf.dir/Drivers/STM32F1xx_HAL_Driver/Src/stm32f1xx_hal.c.obj
                0x20000094                uwTickFreq
 *fill*         0x20000095        0x3 
 .data.uwTickPrio
                0x20000098        0x4 CMakeFiles/mpu6050Test.elf.dir/Drivers/STM32F1xx_HAL_Driver/Src/stm32f1xx_hal.c.obj
                0x20000098                uwTickPrio
 .data._impure_ptr
                0x2000009c        0x4 e:/program files (x86)/gnu tools arm embedded/8 2019-q3-update/bin/../lib/gcc/arm-none-eabi/8.3.1/../../../../arm-none-eabi/lib/thumb/v7-m/nofp\libg.a(lib_a-impure.o)
                0x2000009c                _impure_ptr
 .data.impure_data
                0x200000a0      0x428 e:/program files (x86)/gnu tools arm embedded/8 2019-q3-update/bin/../lib/gcc/arm-none-eabi/8.3.1/../../../../arm-none-eabi/lib/thumb/v7-m/nofp\libg.a(lib_a-impure.o)
 .data.__atexit_recursive_mutex
                0x200004c8        0x4 e:/program files (x86)/gnu tools arm embedded/8 2019-q3-update/bin/../lib/gcc/arm-none-eabi/8.3.1/../../../../arm-none-eabi/lib/thumb/v7-m/nofp\libg.a(lib_a-__call_atexit.o)
                0x200004c8                __atexit_recursive_mutex
 .data.__malloc_av_
                0x200004cc      0x408 e:/program files (x86)/gnu tools arm embedded/8 2019-q3-update/bin/../lib/gcc/arm-none-eabi/8.3.1/../../../../arm-none-eabi/lib/thumb/v7-m/nofp\libg.a(lib_a-mallocr.o)
                0x200004cc                __malloc_av_
 .data.__malloc_sbrk_base
                0x200008d4        0x4 e:/program files (x86)/gnu tools arm embedded/8 2019-q3-update/bin/../lib/gcc/arm-none-eabi/8.3.1/../../../../arm-none-eabi/lib/thumb/v7-m/nofp\libg.a(lib_a-mallocr.o)
                0x200008d4                __malloc_sbrk_base
 .data.__malloc_trim_threshold
                0x200008d8        0x4 e:/program files (x86)/gnu tools arm embedded/8 2019-q3-update/bin/../lib/gcc/arm-none-eabi/8.3.1/../../../../arm-none-eabi/lib/thumb/v7-m/nofp\libg.a(lib_a-mallocr.o)
                0x200008d8                __malloc_trim_threshold
 .data.__global_locale
                0x200008dc      0x16c e:/program files (x86)/gnu tools arm embedded/8 2019-q3-update/bin/../lib/gcc/arm-none-eabi/8.3.1/../../../../arm-none-eabi/lib/thumb/v7-m/nofp\libg.a(lib_a-locale.o)
                0x200008dc                __global_locale
 .data.__fdlib_version
                0x20000a48        0x1 e:/program files (x86)/gnu tools arm embedded/8 2019-q3-update/bin/../lib/gcc/arm-none-eabi/8.3.1/../../../../arm-none-eabi/lib/thumb/v7-m/nofp\libm.a(lib_a-s_lib_ver.o)
                0x20000a48                __fdlib_version
                0x20000a4c                . = ALIGN (0x4)
 *fill*         0x20000a49        0x3 
                0x20000a4c                _edata = .

.igot.plt       0x20000a4c        0x0 load address 0x08009500
 .igot.plt      0x20000a4c        0x0 e:/program files (x86)/gnu tools arm embedded/8 2019-q3-update/bin/../lib/gcc/arm-none-eabi/8.3.1/thumb/v7-m/nofp/crtbegin.o
                0x20000a4c                . = ALIGN (0x4)

.bss            0x20000a50      0x170 load address 0x08009500
                0x20000a50                _sbss = .
                0x20000a50                __bss_start__ = _sbss
 *(.bss)
 .bss           0x20000a50       0x1c e:/program files (x86)/gnu tools arm embedded/8 2019-q3-update/bin/../lib/gcc/arm-none-eabi/8.3.1/thumb/v7-m/nofp/crtbegin.o
 *(.bss*)
 .bss.hi2c1     0x20000a6c       0x54 CMakeFiles/mpu6050Test.elf.dir/Core/Src/i2c.c.obj
                0x20000a6c                hi2c1
 .bss.MPU6050   0x20000ac0       0x58 CMakeFiles/mpu6050Test.elf.dir/Core/Src/main.c.obj
                0x20000ac0                MPU6050
 .bss.timer     0x20000b18        0x4 CMakeFiles/mpu6050Test.elf.dir/Core/Src/mpu6050.c.obj
                0x20000b18                timer
 .bss.__sbrk_heap_end
                0x20000b1c        0x4 CMakeFiles/mpu6050Test.elf.dir/Core/Src/sysmem.c.obj
 .bss.huart1    0x20000b20       0x40 CMakeFiles/mpu6050Test.elf.dir/Core/Src/usart.c.obj
                0x20000b20                huart1
 .bss.uwTick    0x20000b60        0x4 CMakeFiles/mpu6050Test.elf.dir/Drivers/STM32F1xx_HAL_Driver/Src/stm32f1xx_hal.c.obj
                0x20000b60                uwTick
 .bss.__malloc_current_mallinfo
                0x20000b64       0x28 e:/program files (x86)/gnu tools arm embedded/8 2019-q3-update/bin/../lib/gcc/arm-none-eabi/8.3.1/../../../../arm-none-eabi/lib/thumb/v7-m/nofp\libg.a(lib_a-mallocr.o)
                0x20000b64                __malloc_current_mallinfo
 .bss.__malloc_max_sbrked_mem
                0x20000b8c        0x4 e:/program files (x86)/gnu tools arm embedded/8 2019-q3-update/bin/../lib/gcc/arm-none-eabi/8.3.1/../../../../arm-none-eabi/lib/thumb/v7-m/nofp\libg.a(lib_a-mallocr.o)
                0x20000b8c                __malloc_max_sbrked_mem
 .bss.__malloc_max_total_mem
                0x20000b90        0x4 e:/program files (x86)/gnu tools arm embedded/8 2019-q3-update/bin/../lib/gcc/arm-none-eabi/8.3.1/../../../../arm-none-eabi/lib/thumb/v7-m/nofp\libg.a(lib_a-mallocr.o)
                0x20000b90                __malloc_max_total_mem
 .bss.__malloc_top_pad
                0x20000b94        0x4 e:/program files (x86)/gnu tools arm embedded/8 2019-q3-update/bin/../lib/gcc/arm-none-eabi/8.3.1/../../../../arm-none-eabi/lib/thumb/v7-m/nofp\libg.a(lib_a-mallocr.o)
                0x20000b94                __malloc_top_pad
 *(COMMON)
 COMMON         0x20000b98       0x21 e:/program files (x86)/gnu tools arm embedded/8 2019-q3-update/bin/../lib/gcc/arm-none-eabi/8.3.1/../../../../arm-none-eabi/lib/thumb/v7-m/nofp\libg.a(lib_a-lock.o)
                0x20000b98                __lock___atexit_recursive_mutex
                0x20000b9c                __lock___arc4random_mutex
                0x20000ba0                __lock___env_recursive_mutex
                0x20000ba4                __lock___sinit_recursive_mutex
                0x20000ba8                __lock___malloc_recursive_mutex
                0x20000bac                __lock___at_quick_exit_mutex
                0x20000bb0                __lock___dd_hash_mutex
                0x20000bb4                __lock___tz_mutex
                0x20000bb8                __lock___sfp_recursive_mutex
 *fill*         0x20000bb9        0x3 
 COMMON         0x20000bbc        0x4 e:/program files (x86)/gnu tools arm embedded/8 2019-q3-update/bin/../lib/gcc/arm-none-eabi/8.3.1/../../../../arm-none-eabi/lib/thumb/v7-m/nofp\libg.a(lib_a-reent.o)
                0x20000bbc                errno
                0x20000bc0                . = ALIGN (0x4)
                0x20000bc0                _ebss = .
                0x20000bc0                __bss_end__ = _ebss

._user_heap_stack
                0x20000bc0      0x600 load address 0x08009500
                0x20000bc0                . = ALIGN (0x8)
                [!provide]                PROVIDE (end = .)
                0x20000bc0                PROVIDE (_end = .)
                0x20000dc0                . = (. + _Min_Heap_Size)
 *fill*         0x20000bc0      0x200 
                0x200011c0                . = (. + _Min_Stack_Size)
 *fill*         0x20000dc0      0x400 
                0x200011c0                . = ALIGN (0x8)

/DISCARD/
 libc.a(*)
 libm.a(*)
 libgcc.a(*)

.ARM.attributes
                0x00000000       0x29
 *(.ARM.attributes)
 .ARM.attributes
                0x00000000       0x1d e:/program files (x86)/gnu tools arm embedded/8 2019-q3-update/bin/../lib/gcc/arm-none-eabi/8.3.1/thumb/v7-m/nofp/crti.o
 .ARM.attributes
                0x0000001d       0x2d e:/program files (x86)/gnu tools arm embedded/8 2019-q3-update/bin/../lib/gcc/arm-none-eabi/8.3.1/thumb/v7-m/nofp/crtbegin.o
 .ARM.attributes
                0x0000004a       0x2d CMakeFiles/mpu6050Test.elf.dir/Core/Src/gpio.c.obj
 .ARM.attributes
                0x00000077       0x2d CMakeFiles/mpu6050Test.elf.dir/Core/Src/i2c.c.obj
 .ARM.attributes
                0x000000a4       0x2d CMakeFiles/mpu6050Test.elf.dir/Core/Src/main.c.obj
 .ARM.attributes
                0x000000d1       0x2d CMakeFiles/mpu6050Test.elf.dir/Core/Src/mpu6050.c.obj
 .ARM.attributes
                0x000000fe       0x2d CMakeFiles/mpu6050Test.elf.dir/Core/Src/stm32f1xx_hal_msp.c.obj
 .ARM.attributes
                0x0000012b       0x2d CMakeFiles/mpu6050Test.elf.dir/Core/Src/stm32f1xx_it.c.obj
 .ARM.attributes
                0x00000158       0x2d CMakeFiles/mpu6050Test.elf.dir/Core/Src/syscalls.c.obj
 .ARM.attributes
                0x00000185       0x2d CMakeFiles/mpu6050Test.elf.dir/Core/Src/sysmem.c.obj
 .ARM.attributes
                0x000001b2       0x2d CMakeFiles/mpu6050Test.elf.dir/Core/Src/system_stm32f1xx.c.obj
 .ARM.attributes
                0x000001df       0x2d CMakeFiles/mpu6050Test.elf.dir/Core/Src/usart.c.obj
 .ARM.attributes
                0x0000020c       0x21 CMakeFiles/mpu6050Test.elf.dir/Core/Startup/startup_stm32f103c8tx.s.obj
 .ARM.attributes
                0x0000022d       0x2d CMakeFiles/mpu6050Test.elf.dir/Drivers/STM32F1xx_HAL_Driver/Src/stm32f1xx_hal.c.obj
 .ARM.attributes
                0x0000025a       0x2d CMakeFiles/mpu6050Test.elf.dir/Drivers/STM32F1xx_HAL_Driver/Src/stm32f1xx_hal_cortex.c.obj
 .ARM.attributes
                0x00000287       0x2d CMakeFiles/mpu6050Test.elf.dir/Drivers/STM32F1xx_HAL_Driver/Src/stm32f1xx_hal_gpio.c.obj
 .ARM.attributes
                0x000002b4       0x2d CMakeFiles/mpu6050Test.elf.dir/Drivers/STM32F1xx_HAL_Driver/Src/stm32f1xx_hal_i2c.c.obj
 .ARM.attributes
                0x000002e1       0x2d CMakeFiles/mpu6050Test.elf.dir/Drivers/STM32F1xx_HAL_Driver/Src/stm32f1xx_hal_rcc.c.obj
 .ARM.attributes
                0x0000030e       0x2d CMakeFiles/mpu6050Test.elf.dir/Drivers/STM32F1xx_HAL_Driver/Src/stm32f1xx_hal_uart.c.obj
 .ARM.attributes
                0x0000033b       0x1d e:/program files (x86)/gnu tools arm embedded/8 2019-q3-update/bin/../lib/gcc/arm-none-eabi/8.3.1/thumb/v7-m/nofp\libgcc.a(_arm_addsubdf3.o)
 .ARM.attributes
                0x00000358       0x1d e:/program files (x86)/gnu tools arm embedded/8 2019-q3-update/bin/../lib/gcc/arm-none-eabi/8.3.1/thumb/v7-m/nofp\libgcc.a(_arm_muldivdf3.o)
 .ARM.attributes
                0x00000375       0x1d e:/program files (x86)/gnu tools arm embedded/8 2019-q3-update/bin/../lib/gcc/arm-none-eabi/8.3.1/thumb/v7-m/nofp\libgcc.a(_arm_cmpdf2.o)
 .ARM.attributes
                0x00000392       0x1d e:/program files (x86)/gnu tools arm embedded/8 2019-q3-update/bin/../lib/gcc/arm-none-eabi/8.3.1/thumb/v7-m/nofp\libgcc.a(_arm_addsubsf3.o)
 .ARM.attributes
                0x000003af       0x1d e:/program files (x86)/gnu tools arm embedded/8 2019-q3-update/bin/../lib/gcc/arm-none-eabi/8.3.1/thumb/v7-m/nofp\libgcc.a(_arm_muldivsf3.o)
 .ARM.attributes
                0x000003cc       0x2d e:/program files (x86)/gnu tools arm embedded/8 2019-q3-update/bin/../lib/gcc/arm-none-eabi/8.3.1/../../../../arm-none-eabi/lib/thumb/v7-m/nofp\libg.a(lib_a-errno.o)
 .ARM.attributes
                0x000003f9       0x2d e:/program files (x86)/gnu tools arm embedded/8 2019-q3-update/bin/../lib/gcc/arm-none-eabi/8.3.1/../../../../arm-none-eabi/lib/thumb/v7-m/nofp\libg.a(lib_a-impure.o)
 .ARM.attributes
                0x00000426       0x2d e:/program files (x86)/gnu tools arm embedded/8 2019-q3-update/bin/../lib/gcc/arm-none-eabi/8.3.1/../../../../arm-none-eabi/lib/thumb/v7-m/nofp\libg.a(lib_a-init.o)
 .ARM.attributes
                0x00000453       0x2d e:/program files (x86)/gnu tools arm embedded/8 2019-q3-update/bin/../lib/gcc/arm-none-eabi/8.3.1/../../../../arm-none-eabi/lib/thumb/v7-m/nofp\libg.a(lib_a-memset.o)
 .ARM.attributes
                0x00000480       0x2d e:/program files (x86)/gnu tools arm embedded/8 2019-q3-update/bin/../lib/gcc/arm-none-eabi/8.3.1/../../../../arm-none-eabi/lib/thumb/v7-m/nofp\libg.a(lib_a-printf.o)
 .ARM.attributes
                0x000004ad       0x2d e:/program files (x86)/gnu tools arm embedded/8 2019-q3-update/bin/../lib/gcc/arm-none-eabi/8.3.1/../../../../arm-none-eabi/lib/thumb/v7-m/nofp\libg.a(lib_a-vfprintf.o)
 .ARM.attributes
                0x000004da       0x2d e:/program files (x86)/gnu tools arm embedded/8 2019-q3-update/bin/../lib/gcc/arm-none-eabi/8.3.1/../../../../arm-none-eabi/lib/thumb/v7-m/nofp\libg.a(lib_a-wsetup.o)
 .ARM.attributes
                0x00000507       0x2d e:/program files (x86)/gnu tools arm embedded/8 2019-q3-update/bin/../lib/gcc/arm-none-eabi/8.3.1/../../../../arm-none-eabi/lib/thumb/v7-m/nofp\libg.a(lib_a-__call_atexit.o)
 .ARM.attributes
                0x00000534       0x2d e:/program files (x86)/gnu tools arm embedded/8 2019-q3-update/bin/../lib/gcc/arm-none-eabi/8.3.1/../../../../arm-none-eabi/lib/thumb/v7-m/nofp\libg.a(lib_a-atexit.o)
 .ARM.attributes
                0x00000561       0x2d e:/program files (x86)/gnu tools arm embedded/8 2019-q3-update/bin/../lib/gcc/arm-none-eabi/8.3.1/../../../../arm-none-eabi/lib/thumb/v7-m/nofp\libg.a(lib_a-dtoa.o)
 .ARM.attributes
                0x0000058e       0x2d e:/program files (x86)/gnu tools arm embedded/8 2019-q3-update/bin/../lib/gcc/arm-none-eabi/8.3.1/../../../../arm-none-eabi/lib/thumb/v7-m/nofp\libg.a(lib_a-fflush.o)
 .ARM.attributes
                0x000005bb       0x2d e:/program files (x86)/gnu tools arm embedded/8 2019-q3-update/bin/../lib/gcc/arm-none-eabi/8.3.1/../../../../arm-none-eabi/lib/thumb/v7-m/nofp\libg.a(lib_a-findfp.o)
 .ARM.attributes
                0x000005e8       0x2d e:/program files (x86)/gnu tools arm embedded/8 2019-q3-update/bin/../lib/gcc/arm-none-eabi/8.3.1/../../../../arm-none-eabi/lib/thumb/v7-m/nofp\libg.a(lib_a-fini.o)
 .ARM.attributes
                0x00000615       0x2d e:/program files (x86)/gnu tools arm embedded/8 2019-q3-update/bin/../lib/gcc/arm-none-eabi/8.3.1/../../../../arm-none-eabi/lib/thumb/v7-m/nofp\libg.a(lib_a-freer.o)
 .ARM.attributes
                0x00000642       0x2d e:/program files (x86)/gnu tools arm embedded/8 2019-q3-update/bin/../lib/gcc/arm-none-eabi/8.3.1/../../../../arm-none-eabi/lib/thumb/v7-m/nofp\libg.a(lib_a-fwalk.o)
 .ARM.attributes
                0x0000066f       0x2d e:/program files (x86)/gnu tools arm embedded/8 2019-q3-update/bin/../lib/gcc/arm-none-eabi/8.3.1/../../../../arm-none-eabi/lib/thumb/v7-m/nofp\libg.a(lib_a-localeconv.o)
 .ARM.attributes
                0x0000069c       0x2d e:/program files (x86)/gnu tools arm embedded/8 2019-q3-update/bin/../lib/gcc/arm-none-eabi/8.3.1/../../../../arm-none-eabi/lib/thumb/v7-m/nofp\libg.a(lib_a-lock.o)
 .ARM.attributes
                0x000006c9       0x2d e:/program files (x86)/gnu tools arm embedded/8 2019-q3-update/bin/../lib/gcc/arm-none-eabi/8.3.1/../../../../arm-none-eabi/lib/thumb/v7-m/nofp\libg.a(lib_a-makebuf.o)
 .ARM.attributes
                0x000006f6       0x2d e:/program files (x86)/gnu tools arm embedded/8 2019-q3-update/bin/../lib/gcc/arm-none-eabi/8.3.1/../../../../arm-none-eabi/lib/thumb/v7-m/nofp\libg.a(lib_a-mallocr.o)
 .ARM.attributes
                0x00000723       0x2d e:/program files (x86)/gnu tools arm embedded/8 2019-q3-update/bin/../lib/gcc/arm-none-eabi/8.3.1/../../../../arm-none-eabi/lib/thumb/v7-m/nofp\libg.a(lib_a-memchr-stub.o)
 .ARM.attributes
                0x00000750       0x1b e:/program files (x86)/gnu tools arm embedded/8 2019-q3-update/bin/../lib/gcc/arm-none-eabi/8.3.1/../../../../arm-none-eabi/lib/thumb/v7-m/nofp\libg.a(lib_a-memcpy.o)
 .ARM.attributes
                0x0000076b       0x2d e:/program files (x86)/gnu tools arm embedded/8 2019-q3-update/bin/../lib/gcc/arm-none-eabi/8.3.1/../../../../arm-none-eabi/lib/thumb/v7-m/nofp\libg.a(lib_a-mlock.o)
 .ARM.attributes
                0x00000798       0x2d e:/program files (x86)/gnu tools arm embedded/8 2019-q3-update/bin/../lib/gcc/arm-none-eabi/8.3.1/../../../../arm-none-eabi/lib/thumb/v7-m/nofp\libg.a(lib_a-mprec.o)
 .ARM.attributes
                0x000007c5       0x2d e:/program files (x86)/gnu tools arm embedded/8 2019-q3-update/bin/../lib/gcc/arm-none-eabi/8.3.1/../../../../arm-none-eabi/lib/thumb/v7-m/nofp\libg.a(lib_a-s_frexp.o)
 .ARM.attributes
                0x000007f2       0x2d e:/program files (x86)/gnu tools arm embedded/8 2019-q3-update/bin/../lib/gcc/arm-none-eabi/8.3.1/../../../../arm-none-eabi/lib/thumb/v7-m/nofp\libg.a(lib_a-sbrkr.o)
 .ARM.attributes
                0x0000081f       0x2d e:/program files (x86)/gnu tools arm embedded/8 2019-q3-update/bin/../lib/gcc/arm-none-eabi/8.3.1/../../../../arm-none-eabi/lib/thumb/v7-m/nofp\libg.a(lib_a-stdio.o)
 .ARM.attributes
                0x0000084c       0x2d e:/program files (x86)/gnu tools arm embedded/8 2019-q3-update/bin/../lib/gcc/arm-none-eabi/8.3.1/../../../../arm-none-eabi/lib/thumb/v7-m/nofp\libg.a(lib_a-strlen-stub.o)
 .ARM.attributes
                0x00000879       0x2d e:/program files (x86)/gnu tools arm embedded/8 2019-q3-update/bin/../lib/gcc/arm-none-eabi/8.3.1/../../../../arm-none-eabi/lib/thumb/v7-m/nofp\libg.a(lib_a-strncpy.o)
 .ARM.attributes
                0x000008a6       0x2d e:/program files (x86)/gnu tools arm embedded/8 2019-q3-update/bin/../lib/gcc/arm-none-eabi/8.3.1/../../../../arm-none-eabi/lib/thumb/v7-m/nofp\libg.a(lib_a-vfiprintf.o)
 .ARM.attributes
                0x000008d3       0x2d e:/program files (x86)/gnu tools arm embedded/8 2019-q3-update/bin/../lib/gcc/arm-none-eabi/8.3.1/../../../../arm-none-eabi/lib/thumb/v7-m/nofp\libg.a(lib_a-writer.o)
 .ARM.attributes
                0x00000900       0x2d e:/program files (x86)/gnu tools arm embedded/8 2019-q3-update/bin/../lib/gcc/arm-none-eabi/8.3.1/../../../../arm-none-eabi/lib/thumb/v7-m/nofp\libg.a(lib_a-__atexit.o)
 .ARM.attributes
                0x0000092d       0x2d e:/program files (x86)/gnu tools arm embedded/8 2019-q3-update/bin/../lib/gcc/arm-none-eabi/8.3.1/../../../../arm-none-eabi/lib/thumb/v7-m/nofp\libg.a(lib_a-callocr.o)
 .ARM.attributes
                0x0000095a       0x2d e:/program files (x86)/gnu tools arm embedded/8 2019-q3-update/bin/../lib/gcc/arm-none-eabi/8.3.1/../../../../arm-none-eabi/lib/thumb/v7-m/nofp\libg.a(lib_a-closer.o)
 .ARM.attributes
                0x00000987       0x2d e:/program files (x86)/gnu tools arm embedded/8 2019-q3-update/bin/../lib/gcc/arm-none-eabi/8.3.1/../../../../arm-none-eabi/lib/thumb/v7-m/nofp\libg.a(lib_a-fclose.o)
 .ARM.attributes
                0x000009b4       0x2d e:/program files (x86)/gnu tools arm embedded/8 2019-q3-update/bin/../lib/gcc/arm-none-eabi/8.3.1/../../../../arm-none-eabi/lib/thumb/v7-m/nofp\libg.a(lib_a-fputwc.o)
 .ARM.attributes
                0x000009e1       0x2d e:/program files (x86)/gnu tools arm embedded/8 2019-q3-update/bin/../lib/gcc/arm-none-eabi/8.3.1/../../../../arm-none-eabi/lib/thumb/v7-m/nofp\libg.a(lib_a-fstatr.o)
 .ARM.attributes
                0x00000a0e       0x2d e:/program files (x86)/gnu tools arm embedded/8 2019-q3-update/bin/../lib/gcc/arm-none-eabi/8.3.1/../../../../arm-none-eabi/lib/thumb/v7-m/nofp\libg.a(lib_a-fvwrite.o)
 .ARM.attributes
                0x00000a3b       0x2d e:/program files (x86)/gnu tools arm embedded/8 2019-q3-update/bin/../lib/gcc/arm-none-eabi/8.3.1/../../../../arm-none-eabi/lib/thumb/v7-m/nofp\libg.a(lib_a-isattyr.o)
 .ARM.attributes
                0x00000a68       0x2d e:/program files (x86)/gnu tools arm embedded/8 2019-q3-update/bin/../lib/gcc/arm-none-eabi/8.3.1/../../../../arm-none-eabi/lib/thumb/v7-m/nofp\libg.a(lib_a-locale.o)
 .ARM.attributes
                0x00000a95       0x2d e:/program files (x86)/gnu tools arm embedded/8 2019-q3-update/bin/../lib/gcc/arm-none-eabi/8.3.1/../../../../arm-none-eabi/lib/thumb/v7-m/nofp\libg.a(lib_a-lseekr.o)
 .ARM.attributes
                0x00000ac2       0x2d e:/program files (x86)/gnu tools arm embedded/8 2019-q3-update/bin/../lib/gcc/arm-none-eabi/8.3.1/../../../../arm-none-eabi/lib/thumb/v7-m/nofp\libg.a(lib_a-mbtowc_r.o)
 .ARM.attributes
                0x00000aef       0x2d e:/program files (x86)/gnu tools arm embedded/8 2019-q3-update/bin/../lib/gcc/arm-none-eabi/8.3.1/../../../../arm-none-eabi/lib/thumb/v7-m/nofp\libg.a(lib_a-memmove.o)
 .ARM.attributes
                0x00000b1c       0x2d e:/program files (x86)/gnu tools arm embedded/8 2019-q3-update/bin/../lib/gcc/arm-none-eabi/8.3.1/../../../../arm-none-eabi/lib/thumb/v7-m/nofp\libg.a(lib_a-readr.o)
 .ARM.attributes
                0x00000b49       0x2d e:/program files (x86)/gnu tools arm embedded/8 2019-q3-update/bin/../lib/gcc/arm-none-eabi/8.3.1/../../../../arm-none-eabi/lib/thumb/v7-m/nofp\libg.a(lib_a-reallocr.o)
 .ARM.attributes
                0x00000b76       0x2d e:/program files (x86)/gnu tools arm embedded/8 2019-q3-update/bin/../lib/gcc/arm-none-eabi/8.3.1/../../../../arm-none-eabi/lib/thumb/v7-m/nofp\libg.a(lib_a-reent.o)
 .ARM.attributes
                0x00000ba3       0x2d e:/program files (x86)/gnu tools arm embedded/8 2019-q3-update/bin/../lib/gcc/arm-none-eabi/8.3.1/../../../../arm-none-eabi/lib/thumb/v7-m/nofp\libg.a(lib_a-wbuf.o)
 .ARM.attributes
                0x00000bd0       0x2d e:/program files (x86)/gnu tools arm embedded/8 2019-q3-update/bin/../lib/gcc/arm-none-eabi/8.3.1/../../../../arm-none-eabi/lib/thumb/v7-m/nofp\libg.a(lib_a-wcrtomb.o)
 .ARM.attributes
                0x00000bfd       0x2d e:/program files (x86)/gnu tools arm embedded/8 2019-q3-update/bin/../lib/gcc/arm-none-eabi/8.3.1/../../../../arm-none-eabi/lib/thumb/v7-m/nofp\libg.a(lib_a-wctomb_r.o)
 .ARM.attributes
                0x00000c2a       0x2d e:/program files (x86)/gnu tools arm embedded/8 2019-q3-update/bin/../lib/gcc/arm-none-eabi/8.3.1/../../../../arm-none-eabi/lib/thumb/v7-m/nofp\libg.a(lib_a-ctype_.o)
 .ARM.attributes
                0x00000c57       0x1d e:/program files (x86)/gnu tools arm embedded/8 2019-q3-update/bin/../lib/gcc/arm-none-eabi/8.3.1/thumb/v7-m/nofp\libgcc.a(_arm_unorddf2.o)
 .ARM.attributes
                0x00000c74       0x1d e:/program files (x86)/gnu tools arm embedded/8 2019-q3-update/bin/../lib/gcc/arm-none-eabi/8.3.1/thumb/v7-m/nofp\libgcc.a(_arm_fixdfsi.o)
 .ARM.attributes
                0x00000c91       0x1d e:/program files (x86)/gnu tools arm embedded/8 2019-q3-update/bin/../lib/gcc/arm-none-eabi/8.3.1/thumb/v7-m/nofp\libgcc.a(_aeabi_uldivmod.o)
 .ARM.attributes
                0x00000cae       0x2d e:/program files (x86)/gnu tools arm embedded/8 2019-q3-update/bin/../lib/gcc/arm-none-eabi/8.3.1/thumb/v7-m/nofp\libgcc.a(_udivmoddi4.o)
 .ARM.attributes
                0x00000cdb       0x1d e:/program files (x86)/gnu tools arm embedded/8 2019-q3-update/bin/../lib/gcc/arm-none-eabi/8.3.1/thumb/v7-m/nofp\libgcc.a(_dvmd_tls.o)
 .ARM.attributes
                0x00000cf8       0x1d e:/program files (x86)/gnu tools arm embedded/8 2019-q3-update/bin/../lib/gcc/arm-none-eabi/8.3.1/thumb/v7-m/nofp/crtn.o
OUTPUT(mpu6050Test.elf elf32-littlearm)

.debug_info     0x00000000     0xe145
 .debug_info    0x00000000      0x3ff CMakeFiles/mpu6050Test.elf.dir/Core/Src/gpio.c.obj
 .debug_info    0x000003ff      0x973 CMakeFiles/mpu6050Test.elf.dir/Core/Src/i2c.c.obj
 .debug_info    0x00000d72     0x155c CMakeFiles/mpu6050Test.elf.dir/Core/Src/main.c.obj
 .debug_info    0x000022ce     0x15bb CMakeFiles/mpu6050Test.elf.dir/Core/Src/mpu6050.c.obj
 .debug_info    0x00003889      0x2fd CMakeFiles/mpu6050Test.elf.dir/Core/Src/stm32f1xx_hal_msp.c.obj
 .debug_info    0x00003b86      0x239 CMakeFiles/mpu6050Test.elf.dir/Core/Src/stm32f1xx_it.c.obj
 .debug_info    0x00003dbf     0x10b0 CMakeFiles/mpu6050Test.elf.dir/Core/Src/syscalls.c.obj
 .debug_info    0x00004e6f      0xa3a CMakeFiles/mpu6050Test.elf.dir/Core/Src/sysmem.c.obj
 .debug_info    0x000058a9      0x2c9 CMakeFiles/mpu6050Test.elf.dir/Core/Src/system_stm32f1xx.c.obj
 .debug_info    0x00005b72      0x8dd CMakeFiles/mpu6050Test.elf.dir/Core/Src/usart.c.obj
 .debug_info    0x0000644f       0x22 CMakeFiles/mpu6050Test.elf.dir/Core/Startup/startup_stm32f103c8tx.s.obj
 .debug_info    0x00006471      0x831 CMakeFiles/mpu6050Test.elf.dir/Drivers/STM32F1xx_HAL_Driver/Src/stm32f1xx_hal.c.obj
 .debug_info    0x00006ca2      0xe58 CMakeFiles/mpu6050Test.elf.dir/Drivers/STM32F1xx_HAL_Driver/Src/stm32f1xx_hal_cortex.c.obj
 .debug_info    0x00007afa      0x75b CMakeFiles/mpu6050Test.elf.dir/Drivers/STM32F1xx_HAL_Driver/Src/stm32f1xx_hal_gpio.c.obj
 .debug_info    0x00008255     0x3b26 CMakeFiles/mpu6050Test.elf.dir/Drivers/STM32F1xx_HAL_Driver/Src/stm32f1xx_hal_i2c.c.obj
 .debug_info    0x0000bd7b      0xab1 CMakeFiles/mpu6050Test.elf.dir/Drivers/STM32F1xx_HAL_Driver/Src/stm32f1xx_hal_rcc.c.obj
 .debug_info    0x0000c82c     0x1919 CMakeFiles/mpu6050Test.elf.dir/Drivers/STM32F1xx_HAL_Driver/Src/stm32f1xx_hal_uart.c.obj

.debug_abbrev   0x00000000     0x23a8
 .debug_abbrev  0x00000000      0x17b CMakeFiles/mpu6050Test.elf.dir/Core/Src/gpio.c.obj
 .debug_abbrev  0x0000017b      0x1ed CMakeFiles/mpu6050Test.elf.dir/Core/Src/i2c.c.obj
 .debug_abbrev  0x00000368      0x2db CMakeFiles/mpu6050Test.elf.dir/Core/Src/main.c.obj
 .debug_abbrev  0x00000643      0x345 CMakeFiles/mpu6050Test.elf.dir/Core/Src/mpu6050.c.obj
 .debug_abbrev  0x00000988      0x12e CMakeFiles/mpu6050Test.elf.dir/Core/Src/stm32f1xx_hal_msp.c.obj
 .debug_abbrev  0x00000ab6       0xef CMakeFiles/mpu6050Test.elf.dir/Core/Src/stm32f1xx_it.c.obj
 .debug_abbrev  0x00000ba5      0x2f8 CMakeFiles/mpu6050Test.elf.dir/Core/Src/syscalls.c.obj
 .debug_abbrev  0x00000e9d      0x23e CMakeFiles/mpu6050Test.elf.dir/Core/Src/sysmem.c.obj
 .debug_abbrev  0x000010db      0x151 CMakeFiles/mpu6050Test.elf.dir/Core/Src/system_stm32f1xx.c.obj
 .debug_abbrev  0x0000122c      0x1ed CMakeFiles/mpu6050Test.elf.dir/Core/Src/usart.c.obj
 .debug_abbrev  0x00001419       0x12 CMakeFiles/mpu6050Test.elf.dir/Core/Startup/startup_stm32f103c8tx.s.obj
 .debug_abbrev  0x0000142b      0x219 CMakeFiles/mpu6050Test.elf.dir/Drivers/STM32F1xx_HAL_Driver/Src/stm32f1xx_hal.c.obj
 .debug_abbrev  0x00001644      0x372 CMakeFiles/mpu6050Test.elf.dir/Drivers/STM32F1xx_HAL_Driver/Src/stm32f1xx_hal_cortex.c.obj
 .debug_abbrev  0x000019b6      0x213 CMakeFiles/mpu6050Test.elf.dir/Drivers/STM32F1xx_HAL_Driver/Src/stm32f1xx_hal_gpio.c.obj
 .debug_abbrev  0x00001bc9      0x2bf CMakeFiles/mpu6050Test.elf.dir/Drivers/STM32F1xx_HAL_Driver/Src/stm32f1xx_hal_i2c.c.obj
 .debug_abbrev  0x00001e88      0x28d CMakeFiles/mpu6050Test.elf.dir/Drivers/STM32F1xx_HAL_Driver/Src/stm32f1xx_hal_rcc.c.obj
 .debug_abbrev  0x00002115      0x293 CMakeFiles/mpu6050Test.elf.dir/Drivers/STM32F1xx_HAL_Driver/Src/stm32f1xx_hal_uart.c.obj

.debug_aranges  0x00000000      0x950
 .debug_aranges
                0x00000000       0x20 CMakeFiles/mpu6050Test.elf.dir/Core/Src/gpio.c.obj
 .debug_aranges
                0x00000020       0x30 CMakeFiles/mpu6050Test.elf.dir/Core/Src/i2c.c.obj
 .debug_aranges
                0x00000050       0x38 CMakeFiles/mpu6050Test.elf.dir/Core/Src/main.c.obj
 .debug_aranges
                0x00000088       0x38 CMakeFiles/mpu6050Test.elf.dir/Core/Src/mpu6050.c.obj
 .debug_aranges
                0x000000c0       0x20 CMakeFiles/mpu6050Test.elf.dir/Core/Src/stm32f1xx_hal_msp.c.obj
 .debug_aranges
                0x000000e0       0x60 CMakeFiles/mpu6050Test.elf.dir/Core/Src/stm32f1xx_it.c.obj
 .debug_aranges
                0x00000140       0xa8 CMakeFiles/mpu6050Test.elf.dir/Core/Src/syscalls.c.obj
 .debug_aranges
                0x000001e8       0x20 CMakeFiles/mpu6050Test.elf.dir/Core/Src/sysmem.c.obj
 .debug_aranges
                0x00000208       0x28 CMakeFiles/mpu6050Test.elf.dir/Core/Src/system_stm32f1xx.c.obj
 .debug_aranges
                0x00000230       0x30 CMakeFiles/mpu6050Test.elf.dir/Core/Src/usart.c.obj
 .debug_aranges
                0x00000260       0x28 CMakeFiles/mpu6050Test.elf.dir/Core/Startup/startup_stm32f103c8tx.s.obj
 .debug_aranges
                0x00000288       0xe0 CMakeFiles/mpu6050Test.elf.dir/Drivers/STM32F1xx_HAL_Driver/Src/stm32f1xx_hal.c.obj
 .debug_aranges
                0x00000368       0x90 CMakeFiles/mpu6050Test.elf.dir/Drivers/STM32F1xx_HAL_Driver/Src/stm32f1xx_hal_cortex.c.obj
 .debug_aranges
                0x000003f8       0x58 CMakeFiles/mpu6050Test.elf.dir/Drivers/STM32F1xx_HAL_Driver/Src/stm32f1xx_hal_gpio.c.obj
 .debug_aranges
                0x00000450      0x2a0 CMakeFiles/mpu6050Test.elf.dir/Drivers/STM32F1xx_HAL_Driver/Src/stm32f1xx_hal_i2c.c.obj
 .debug_aranges
                0x000006f0       0x90 CMakeFiles/mpu6050Test.elf.dir/Drivers/STM32F1xx_HAL_Driver/Src/stm32f1xx_hal_rcc.c.obj
 .debug_aranges
                0x00000780      0x1d0 CMakeFiles/mpu6050Test.elf.dir/Drivers/STM32F1xx_HAL_Driver/Src/stm32f1xx_hal_uart.c.obj

.debug_ranges   0x00000000      0x8d0
 .debug_ranges  0x00000000       0x10 CMakeFiles/mpu6050Test.elf.dir/Core/Src/gpio.c.obj
 .debug_ranges  0x00000010       0x20 CMakeFiles/mpu6050Test.elf.dir/Core/Src/i2c.c.obj
 .debug_ranges  0x00000030       0x28 CMakeFiles/mpu6050Test.elf.dir/Core/Src/main.c.obj
 .debug_ranges  0x00000058       0x28 CMakeFiles/mpu6050Test.elf.dir/Core/Src/mpu6050.c.obj
 .debug_ranges  0x00000080       0x10 CMakeFiles/mpu6050Test.elf.dir/Core/Src/stm32f1xx_hal_msp.c.obj
 .debug_ranges  0x00000090       0x50 CMakeFiles/mpu6050Test.elf.dir/Core/Src/stm32f1xx_it.c.obj
 .debug_ranges  0x000000e0       0x98 CMakeFiles/mpu6050Test.elf.dir/Core/Src/syscalls.c.obj
 .debug_ranges  0x00000178       0x10 CMakeFiles/mpu6050Test.elf.dir/Core/Src/sysmem.c.obj
 .debug_ranges  0x00000188       0x18 CMakeFiles/mpu6050Test.elf.dir/Core/Src/system_stm32f1xx.c.obj
 .debug_ranges  0x000001a0       0x20 CMakeFiles/mpu6050Test.elf.dir/Core/Src/usart.c.obj
 .debug_ranges  0x000001c0       0x20 CMakeFiles/mpu6050Test.elf.dir/Core/Startup/startup_stm32f103c8tx.s.obj
 .debug_ranges  0x000001e0       0xd0 CMakeFiles/mpu6050Test.elf.dir/Drivers/STM32F1xx_HAL_Driver/Src/stm32f1xx_hal.c.obj
 .debug_ranges  0x000002b0       0xc8 CMakeFiles/mpu6050Test.elf.dir/Drivers/STM32F1xx_HAL_Driver/Src/stm32f1xx_hal_cortex.c.obj
 .debug_ranges  0x00000378       0x48 CMakeFiles/mpu6050Test.elf.dir/Drivers/STM32F1xx_HAL_Driver/Src/stm32f1xx_hal_gpio.c.obj
 .debug_ranges  0x000003c0      0x2b0 CMakeFiles/mpu6050Test.elf.dir/Drivers/STM32F1xx_HAL_Driver/Src/stm32f1xx_hal_i2c.c.obj
 .debug_ranges  0x00000670       0xa0 CMakeFiles/mpu6050Test.elf.dir/Drivers/STM32F1xx_HAL_Driver/Src/stm32f1xx_hal_rcc.c.obj
 .debug_ranges  0x00000710      0x1c0 CMakeFiles/mpu6050Test.elf.dir/Drivers/STM32F1xx_HAL_Driver/Src/stm32f1xx_hal_uart.c.obj

.debug_line     0x00000000     0xb3d5
 .debug_line    0x00000000      0x29d CMakeFiles/mpu6050Test.elf.dir/Core/Src/gpio.c.obj
 .debug_line    0x0000029d      0x3bc CMakeFiles/mpu6050Test.elf.dir/Core/Src/i2c.c.obj
 .debug_line    0x00000659      0x500 CMakeFiles/mpu6050Test.elf.dir/Core/Src/main.c.obj
 .debug_line    0x00000b59      0x6df CMakeFiles/mpu6050Test.elf.dir/Core/Src/mpu6050.c.obj
 .debug_line    0x00001238      0x264 CMakeFiles/mpu6050Test.elf.dir/Core/Src/stm32f1xx_hal_msp.c.obj
 .debug_line    0x0000149c      0x304 CMakeFiles/mpu6050Test.elf.dir/Core/Src/stm32f1xx_it.c.obj
 .debug_line    0x000017a0      0x4e4 CMakeFiles/mpu6050Test.elf.dir/Core/Src/syscalls.c.obj
 .debug_line    0x00001c84      0x226 CMakeFiles/mpu6050Test.elf.dir/Core/Src/sysmem.c.obj
 .debug_line    0x00001eaa      0x31a CMakeFiles/mpu6050Test.elf.dir/Core/Src/system_stm32f1xx.c.obj
 .debug_line    0x000021c4      0x3d6 CMakeFiles/mpu6050Test.elf.dir/Core/Src/usart.c.obj
 .debug_line    0x0000259a       0xa1 CMakeFiles/mpu6050Test.elf.dir/Core/Startup/startup_stm32f103c8tx.s.obj
 .debug_line    0x0000263b      0x5a3 CMakeFiles/mpu6050Test.elf.dir/Drivers/STM32F1xx_HAL_Driver/Src/stm32f1xx_hal.c.obj
 .debug_line    0x00002bde      0x6f5 CMakeFiles/mpu6050Test.elf.dir/Drivers/STM32F1xx_HAL_Driver/Src/stm32f1xx_hal_cortex.c.obj
 .debug_line    0x000032d3      0x6b2 CMakeFiles/mpu6050Test.elf.dir/Drivers/STM32F1xx_HAL_Driver/Src/stm32f1xx_hal_gpio.c.obj
 .debug_line    0x00003985     0x51f7 CMakeFiles/mpu6050Test.elf.dir/Drivers/STM32F1xx_HAL_Driver/Src/stm32f1xx_hal_i2c.c.obj
 .debug_line    0x00008b7c      0xc6d CMakeFiles/mpu6050Test.elf.dir/Drivers/STM32F1xx_HAL_Driver/Src/stm32f1xx_hal_rcc.c.obj
 .debug_line    0x000097e9     0x1bec CMakeFiles/mpu6050Test.elf.dir/Drivers/STM32F1xx_HAL_Driver/Src/stm32f1xx_hal_uart.c.obj

.debug_str      0x00000000     0x3179
 .debug_str     0x00000000      0x350 CMakeFiles/mpu6050Test.elf.dir/Core/Src/gpio.c.obj
                                0x3b1 (size before relaxing)
 .debug_str     0x00000350      0x4c1 CMakeFiles/mpu6050Test.elf.dir/Core/Src/i2c.c.obj
                                0x856 (size before relaxing)
 .debug_str     0x00000811      0x7ba CMakeFiles/mpu6050Test.elf.dir/Core/Src/main.c.obj
                                0xf71 (size before relaxing)
 .debug_str     0x00000fcb      0x187 CMakeFiles/mpu6050Test.elf.dir/Core/Src/mpu6050.c.obj
                                0xd3a (size before relaxing)
 .debug_str     0x00001152       0x77 CMakeFiles/mpu6050Test.elf.dir/Core/Src/stm32f1xx_hal_msp.c.obj
                                0x353 (size before relaxing)
 .debug_str     0x000011c9       0xd4 CMakeFiles/mpu6050Test.elf.dir/Core/Src/stm32f1xx_it.c.obj
                                0x36a (size before relaxing)
 .debug_str     0x0000129d      0x25a CMakeFiles/mpu6050Test.elf.dir/Core/Src/syscalls.c.obj
                                0x853 (size before relaxing)
 .debug_str     0x000014f7       0x92 CMakeFiles/mpu6050Test.elf.dir/Core/Src/sysmem.c.obj
                                0x661 (size before relaxing)
 .debug_str     0x00001589       0x6f CMakeFiles/mpu6050Test.elf.dir/Core/Src/system_stm32f1xx.c.obj
                                0x34a (size before relaxing)
 .debug_str     0x000015f8       0x6e CMakeFiles/mpu6050Test.elf.dir/Core/Src/usart.c.obj
                                0x795 (size before relaxing)
 .debug_str     0x00001666       0x53 CMakeFiles/mpu6050Test.elf.dir/Core/Startup/startup_stm32f103c8tx.s.obj
                                 0x85 (size before relaxing)
 .debug_str     0x000016b9      0x583 CMakeFiles/mpu6050Test.elf.dir/Drivers/STM32F1xx_HAL_Driver/Src/stm32f1xx_hal.c.obj
                                0x8c7 (size before relaxing)
 .debug_str     0x00001c3c      0x3d8 CMakeFiles/mpu6050Test.elf.dir/Drivers/STM32F1xx_HAL_Driver/Src/stm32f1xx_hal_cortex.c.obj
                                0x9e3 (size before relaxing)
 .debug_str     0x00002014      0x132 CMakeFiles/mpu6050Test.elf.dir/Drivers/STM32F1xx_HAL_Driver/Src/stm32f1xx_hal_gpio.c.obj
                                0x534 (size before relaxing)
 .debug_str     0x00002146      0x8fc CMakeFiles/mpu6050Test.elf.dir/Drivers/STM32F1xx_HAL_Driver/Src/stm32f1xx_hal_i2c.c.obj
                               0x10ca (size before relaxing)
 .debug_str     0x00002a42      0x1f1 CMakeFiles/mpu6050Test.elf.dir/Drivers/STM32F1xx_HAL_Driver/Src/stm32f1xx_hal_rcc.c.obj
                                0x716 (size before relaxing)
 .debug_str     0x00002c33      0x546 CMakeFiles/mpu6050Test.elf.dir/Drivers/STM32F1xx_HAL_Driver/Src/stm32f1xx_hal_uart.c.obj
                                0xcc4 (size before relaxing)

.comment        0x00000000       0x76
 .comment       0x00000000       0x76 CMakeFiles/mpu6050Test.elf.dir/Core/Src/gpio.c.obj
                                 0x77 (size before relaxing)
 .comment       0x00000076       0x77 CMakeFiles/mpu6050Test.elf.dir/Core/Src/i2c.c.obj
 .comment       0x00000076       0x77 CMakeFiles/mpu6050Test.elf.dir/Core/Src/main.c.obj
 .comment       0x00000076       0x77 CMakeFiles/mpu6050Test.elf.dir/Core/Src/mpu6050.c.obj
 .comment       0x00000076       0x77 CMakeFiles/mpu6050Test.elf.dir/Core/Src/stm32f1xx_hal_msp.c.obj
 .comment       0x00000076       0x77 CMakeFiles/mpu6050Test.elf.dir/Core/Src/stm32f1xx_it.c.obj
 .comment       0x00000076       0x77 CMakeFiles/mpu6050Test.elf.dir/Core/Src/syscalls.c.obj
 .comment       0x00000076       0x77 CMakeFiles/mpu6050Test.elf.dir/Core/Src/sysmem.c.obj
 .comment       0x00000076       0x77 CMakeFiles/mpu6050Test.elf.dir/Core/Src/system_stm32f1xx.c.obj
 .comment       0x00000076       0x77 CMakeFiles/mpu6050Test.elf.dir/Core/Src/usart.c.obj
 .comment       0x00000076       0x77 CMakeFiles/mpu6050Test.elf.dir/Drivers/STM32F1xx_HAL_Driver/Src/stm32f1xx_hal.c.obj
 .comment       0x00000076       0x77 CMakeFiles/mpu6050Test.elf.dir/Drivers/STM32F1xx_HAL_Driver/Src/stm32f1xx_hal_cortex.c.obj
 .comment       0x00000076       0x77 CMakeFiles/mpu6050Test.elf.dir/Drivers/STM32F1xx_HAL_Driver/Src/stm32f1xx_hal_gpio.c.obj
 .comment       0x00000076       0x77 CMakeFiles/mpu6050Test.elf.dir/Drivers/STM32F1xx_HAL_Driver/Src/stm32f1xx_hal_i2c.c.obj
 .comment       0x00000076       0x77 CMakeFiles/mpu6050Test.elf.dir/Drivers/STM32F1xx_HAL_Driver/Src/stm32f1xx_hal_rcc.c.obj
 .comment       0x00000076       0x77 CMakeFiles/mpu6050Test.elf.dir/Drivers/STM32F1xx_HAL_Driver/Src/stm32f1xx_hal_uart.c.obj

.debug_frame    0x00000000     0x2c64
 .debug_frame   0x00000000       0x30 CMakeFiles/mpu6050Test.elf.dir/Core/Src/gpio.c.obj
 .debug_frame   0x00000030       0x60 CMakeFiles/mpu6050Test.elf.dir/Core/Src/i2c.c.obj
 .debug_frame   0x00000090       0x74 CMakeFiles/mpu6050Test.elf.dir/Core/Src/main.c.obj
 .debug_frame   0x00000104       0xb8 CMakeFiles/mpu6050Test.elf.dir/Core/Src/mpu6050.c.obj
 .debug_frame   0x000001bc       0x28 CMakeFiles/mpu6050Test.elf.dir/Core/Src/stm32f1xx_hal_msp.c.obj
 .debug_frame   0x000001e4       0xa8 CMakeFiles/mpu6050Test.elf.dir/Core/Src/stm32f1xx_it.c.obj
 .debug_frame   0x0000028c      0x190 CMakeFiles/mpu6050Test.elf.dir/Core/Src/syscalls.c.obj
 .debug_frame   0x0000041c       0x28 CMakeFiles/mpu6050Test.elf.dir/Core/Src/sysmem.c.obj
 .debug_frame   0x00000444       0x30 CMakeFiles/mpu6050Test.elf.dir/Core/Src/system_stm32f1xx.c.obj
 .debug_frame   0x00000474       0x60 CMakeFiles/mpu6050Test.elf.dir/Core/Src/usart.c.obj
 .debug_frame   0x000004d4      0x1cc CMakeFiles/mpu6050Test.elf.dir/Drivers/STM32F1xx_HAL_Driver/Src/stm32f1xx_hal.c.obj
 .debug_frame   0x000006a0      0x12c CMakeFiles/mpu6050Test.elf.dir/Drivers/STM32F1xx_HAL_Driver/Src/stm32f1xx_hal_cortex.c.obj
 .debug_frame   0x000007cc       0xe8 CMakeFiles/mpu6050Test.elf.dir/Drivers/STM32F1xx_HAL_Driver/Src/stm32f1xx_hal_gpio.c.obj
 .debug_frame   0x000008b4      0x948 CMakeFiles/mpu6050Test.elf.dir/Drivers/STM32F1xx_HAL_Driver/Src/stm32f1xx_hal_i2c.c.obj
 .debug_frame   0x000011fc      0x198 CMakeFiles/mpu6050Test.elf.dir/Drivers/STM32F1xx_HAL_Driver/Src/stm32f1xx_hal_rcc.c.obj
 .debug_frame   0x00001394      0x4e8 CMakeFiles/mpu6050Test.elf.dir/Drivers/STM32F1xx_HAL_Driver/Src/stm32f1xx_hal_uart.c.obj
 .debug_frame   0x0000187c       0xac e:/program files (x86)/gnu tools arm embedded/8 2019-q3-update/bin/../lib/gcc/arm-none-eabi/8.3.1/thumb/v7-m/nofp\libgcc.a(_arm_addsubdf3.o)
 .debug_frame   0x00001928       0x50 e:/program files (x86)/gnu tools arm embedded/8 2019-q3-update/bin/../lib/gcc/arm-none-eabi/8.3.1/thumb/v7-m/nofp\libgcc.a(_arm_muldivdf3.o)
 .debug_frame   0x00001978       0xc4 e:/program files (x86)/gnu tools arm embedded/8 2019-q3-update/bin/../lib/gcc/arm-none-eabi/8.3.1/thumb/v7-m/nofp\libgcc.a(_arm_cmpdf2.o)
 .debug_frame   0x00001a3c       0x4c e:/program files (x86)/gnu tools arm embedded/8 2019-q3-update/bin/../lib/gcc/arm-none-eabi/8.3.1/thumb/v7-m/nofp\libgcc.a(_arm_addsubsf3.o)
 .debug_frame   0x00001a88       0x38 e:/program files (x86)/gnu tools arm embedded/8 2019-q3-update/bin/../lib/gcc/arm-none-eabi/8.3.1/thumb/v7-m/nofp\libgcc.a(_arm_muldivsf3.o)
 .debug_frame   0x00001ac0       0x20 e:/program files (x86)/gnu tools arm embedded/8 2019-q3-update/bin/../lib/gcc/arm-none-eabi/8.3.1/../../../../arm-none-eabi/lib/thumb/v7-m/nofp\libg.a(lib_a-errno.o)
 .debug_frame   0x00001ae0       0x2c e:/program files (x86)/gnu tools arm embedded/8 2019-q3-update/bin/../lib/gcc/arm-none-eabi/8.3.1/../../../../arm-none-eabi/lib/thumb/v7-m/nofp\libg.a(lib_a-init.o)
 .debug_frame   0x00001b0c       0x38 e:/program files (x86)/gnu tools arm embedded/8 2019-q3-update/bin/../lib/gcc/arm-none-eabi/8.3.1/../../../../arm-none-eabi/lib/thumb/v7-m/nofp\libg.a(lib_a-memset.o)
 .debug_frame   0x00001b44       0x78 e:/program files (x86)/gnu tools arm embedded/8 2019-q3-update/bin/../lib/gcc/arm-none-eabi/8.3.1/../../../../arm-none-eabi/lib/thumb/v7-m/nofp\libg.a(lib_a-printf.o)